Archive member included to satisfy reference by file (symbol)

/home/noitty/Ac6/SystemWorkbench/plugins/fr.ac6.mcu.externaltools.arm-none.linux64_1.16.0.201807130628/tools/compiler/bin/../lib/gcc/arm-none-eabi/7.2.1/../../../../arm-none-eabi/lib/thumb/v7e-m/fpv4-sp/hard/libm.a(lib_a-s_floor.o)
                              src/User_Drivers/cc1101_routine.o (floor)
/home/noitty/Ac6/SystemWorkbench/plugins/fr.ac6.mcu.externaltools.arm-none.linux64_1.16.0.201807130628/tools/compiler/bin/../lib/gcc/arm-none-eabi/7.2.1/../../../../arm-none-eabi/lib/thumb/v7e-m/fpv4-sp/hard/libm.a(lib_a-w_log.o)
                              src/User_Drivers/cc1101_routine.o (log)
/home/noitty/Ac6/SystemWorkbench/plugins/fr.ac6.mcu.externaltools.arm-none.linux64_1.16.0.201807130628/tools/compiler/bin/../lib/gcc/arm-none-eabi/7.2.1/../../../../arm-none-eabi/lib/thumb/v7e-m/fpv4-sp/hard/libm.a(lib_a-e_log.o)
                              /home/noitty/Ac6/SystemWorkbench/plugins/fr.ac6.mcu.externaltools.arm-none.linux64_1.16.0.201807130628/tools/compiler/bin/../lib/gcc/arm-none-eabi/7.2.1/../../../../arm-none-eabi/lib/thumb/v7e-m/fpv4-sp/hard/libm.a(lib_a-w_log.o) (__ieee754_log)
/home/noitty/Ac6/SystemWorkbench/plugins/fr.ac6.mcu.externaltools.arm-none.linux64_1.16.0.201807130628/tools/compiler/bin/../lib/gcc/arm-none-eabi/7.2.1/../../../../arm-none-eabi/lib/thumb/v7e-m/fpv4-sp/hard/libm.a(lib_a-s_lib_ver.o)
                              /home/noitty/Ac6/SystemWorkbench/plugins/fr.ac6.mcu.externaltools.arm-none.linux64_1.16.0.201807130628/tools/compiler/bin/../lib/gcc/arm-none-eabi/7.2.1/../../../../arm-none-eabi/lib/thumb/v7e-m/fpv4-sp/hard/libm.a(lib_a-w_log.o) (__fdlib_version)
/home/noitty/Ac6/SystemWorkbench/plugins/fr.ac6.mcu.externaltools.arm-none.linux64_1.16.0.201807130628/tools/compiler/bin/../lib/gcc/arm-none-eabi/7.2.1/../../../../arm-none-eabi/lib/thumb/v7e-m/fpv4-sp/hard/libm.a(lib_a-s_matherr.o)
                              /home/noitty/Ac6/SystemWorkbench/plugins/fr.ac6.mcu.externaltools.arm-none.linux64_1.16.0.201807130628/tools/compiler/bin/../lib/gcc/arm-none-eabi/7.2.1/../../../../arm-none-eabi/lib/thumb/v7e-m/fpv4-sp/hard/libm.a(lib_a-w_log.o) (matherr)
/home/noitty/Ac6/SystemWorkbench/plugins/fr.ac6.mcu.externaltools.arm-none.linux64_1.16.0.201807130628/tools/compiler/bin/../lib/gcc/arm-none-eabi/7.2.1/../../../../arm-none-eabi/lib/thumb/v7e-m/fpv4-sp/hard/libm.a(lib_a-s_nan.o)
                              /home/noitty/Ac6/SystemWorkbench/plugins/fr.ac6.mcu.externaltools.arm-none.linux64_1.16.0.201807130628/tools/compiler/bin/../lib/gcc/arm-none-eabi/7.2.1/../../../../arm-none-eabi/lib/thumb/v7e-m/fpv4-sp/hard/libm.a(lib_a-w_log.o) (nan)
/home/noitty/Ac6/SystemWorkbench/plugins/fr.ac6.mcu.externaltools.arm-none.linux64_1.16.0.201807130628/tools/compiler/bin/../lib/gcc/arm-none-eabi/7.2.1/thumb/v7e-m/fpv4-sp/hard/libgcc.a(_arm_addsubdf3.o)
                              src/User_Drivers/housekeeping.o (__aeabi_dsub)
/home/noitty/Ac6/SystemWorkbench/plugins/fr.ac6.mcu.externaltools.arm-none.linux64_1.16.0.201807130628/tools/compiler/bin/../lib/gcc/arm-none-eabi/7.2.1/thumb/v7e-m/fpv4-sp/hard/libgcc.a(_arm_muldivdf3.o)
                              src/User_Drivers/cc1101_routine.o (__aeabi_dmul)
/home/noitty/Ac6/SystemWorkbench/plugins/fr.ac6.mcu.externaltools.arm-none.linux64_1.16.0.201807130628/tools/compiler/bin/../lib/gcc/arm-none-eabi/7.2.1/thumb/v7e-m/fpv4-sp/hard/libgcc.a(_arm_cmpdf2.o)
                              /home/noitty/Ac6/SystemWorkbench/plugins/fr.ac6.mcu.externaltools.arm-none.linux64_1.16.0.201807130628/tools/compiler/bin/../lib/gcc/arm-none-eabi/7.2.1/../../../../arm-none-eabi/lib/thumb/v7e-m/fpv4-sp/hard/libm.a(lib_a-w_log.o) (__aeabi_dcmpeq)
/home/noitty/Ac6/SystemWorkbench/plugins/fr.ac6.mcu.externaltools.arm-none.linux64_1.16.0.201807130628/tools/compiler/bin/../lib/gcc/arm-none-eabi/7.2.1/thumb/v7e-m/fpv4-sp/hard/libgcc.a(_arm_unorddf2.o)
                              /home/noitty/Ac6/SystemWorkbench/plugins/fr.ac6.mcu.externaltools.arm-none.linux64_1.16.0.201807130628/tools/compiler/bin/../lib/gcc/arm-none-eabi/7.2.1/../../../../arm-none-eabi/lib/thumb/v7e-m/fpv4-sp/hard/libm.a(lib_a-w_log.o) (__aeabi_dcmpun)
/home/noitty/Ac6/SystemWorkbench/plugins/fr.ac6.mcu.externaltools.arm-none.linux64_1.16.0.201807130628/tools/compiler/bin/../lib/gcc/arm-none-eabi/7.2.1/thumb/v7e-m/fpv4-sp/hard/libgcc.a(_arm_fixunsdfsi.o)
                              src/User_Drivers/cc1101_routine.o (__aeabi_d2uiz)
/home/noitty/Ac6/SystemWorkbench/plugins/fr.ac6.mcu.externaltools.arm-none.linux64_1.16.0.201807130628/tools/compiler/bin/../lib/gcc/arm-none-eabi/7.2.1/thumb/v7e-m/fpv4-sp/hard/libgcc.a(_arm_truncdfsf2.o)
                              src/User_Drivers/cc1101_routine.o (__aeabi_d2f)
/home/noitty/Ac6/SystemWorkbench/plugins/fr.ac6.mcu.externaltools.arm-none.linux64_1.16.0.201807130628/tools/compiler/bin/../lib/gcc/arm-none-eabi/7.2.1/thumb/v7e-m/fpv4-sp/hard/libgcc.a(_aeabi_uldivmod.o)
[...]
Memory Configuration

Name             Origin             Length             Attributes
RAM              0x0000000020000000 0x0000000000018000 xrw
RAM2             0x0000000010000000 0x0000000000008000 xrw
FLASH            0x0000000008000000 0x0000000000100000 xr
*default*        0x0000000000000000 0xffffffffffffffff

Linker script and memory map

LOAD /home/noitty/Ac6/SystemWorkbench/plugins/fr.ac6.mcu.externaltools.arm-none.linux64_1.16.0.201807130628/tools/compiler/bin/../lib/gcc/arm-none-eabi/7.2.1/thumb/v7e-m/fpv4-sp/hard/crti.o
LOAD /home/noitty/Ac6/SystemWorkbench/plugins/fr.ac6.mcu.externaltools.arm-none.linux64_1.16.0.201807130628/tools/compiler/bin/../lib/gcc/arm-none-eabi/7.2.1/thumb/v7e-m/fpv4-sp/hard/crtbegin.o
LOAD /home/noitty/Ac6/SystemWorkbench/plugins/fr.ac6.mcu.externaltools.arm-none.linux64_1.16.0.201807130628/tools/compiler/bin/../lib/gcc/arm-none-eabi/7.2.1/../../../../arm-none-eabi/lib/thumb/v7e-m/fpv4-sp/hard/crt0.o
LOAD Drivers/STM32L4xx_HAL_Driver/Src/stm32l4xx_hal.o
LOAD Drivers/STM32L4xx_HAL_Driver/Src/stm32l4xx_hal_adc.o
LOAD Drivers/STM32L4xx_HAL_Driver/Src/stm32l4xx_hal_adc_ex.o
LOAD Drivers/STM32L4xx_HAL_Driver/Src/stm32l4xx_hal_cortex.o
LOAD Drivers/STM32L4xx_HAL_Driver/Src/stm32l4xx_hal_dma.o
LOAD Drivers/STM32L4xx_HAL_Driver/Src/stm32l4xx_hal_flash.o
LOAD Drivers/STM32L4xx_HAL_Driver/Src/stm32l4xx_hal_flash_ex.o
LOAD Drivers/STM32L4xx_HAL_Driver/Src/stm32l4xx_hal_flash_ramfunc.o
LOAD Drivers/STM32L4xx_HAL_Driver/Src/stm32l4xx_hal_gpio.o
LOAD Drivers/STM32L4xx_HAL_Driver/Src/stm32l4xx_hal_i2c.o
LOAD Drivers/STM32L4xx_HAL_Driver/Src/stm32l4xx_hal_i2c_ex.o
LOAD Drivers/STM32L4xx_HAL_Driver/Src/stm32l4xx_hal_iwdg.o
LOAD Drivers/STM32L4xx_HAL_Driver/Src/stm32l4xx_hal_pwr.o
LOAD Drivers/STM32L4xx_HAL_Driver/Src/stm32l4xx_hal_pwr_ex.o
LOAD Drivers/STM32L4xx_HAL_Driver/Src/stm32l4xx_hal_rcc.o
LOAD Drivers/STM32L4xx_HAL_Driver/Src/stm32l4xx_hal_rcc_ex.o
LOAD Drivers/STM32L4xx_HAL_Driver/Src/stm32l4xx_hal_spi.o
LOAD Drivers/STM32L4xx_HAL_Driver/Src/stm32l4xx_hal_spi_ex.o
LOAD Drivers/STM32L4xx_HAL_Driver/Src/stm32l4xx_hal_tim.o
LOAD Drivers/STM32L4xx_HAL_Driver/Src/stm32l4xx_hal_tim_ex.o
LOAD Drivers/STM32L4xx_HAL_Driver/Src/stm32l4xx_hal_uart.o
LOAD Drivers/STM32L4xx_HAL_Driver/Src/stm32l4xx_hal_uart_ex.o
LOAD Middlewares/Third_Party/FreeRTOS/Source/croutine.o
LOAD Middlewares/Third_Party/FreeRTOS/Source/event_groups.o
LOAD Middlewares/Third_Party/FreeRTOS/Source/list.o
LOAD Middlewares/Third_Party/FreeRTOS/Source/queue.o
LOAD Middlewares/Third_Party/FreeRTOS/Source/tasks.o
LOAD Middlewares/Third_Party/FreeRTOS/Source/timers.o
LOAD Middlewares/Third_Party/FreeRTOS/Source/portable/GCC/ARM_CM4F/port.o
LOAD src/User_Drivers/cc1101_routine.o
LOAD src/User_Drivers/command_parser.o
LOAD src/User_Drivers/eeprom.o
LOAD src/User_Drivers/freertos_routines.o
LOAD src/User_Drivers/housekeeping.o
LOAD src/User_Drivers/link_layer.o
LOAD src/User_Drivers/of_reed-solomon_gf_2_m_api.o
LOAD src/User_Drivers/rs_work.o
LOAD src/User_Drivers/simple_link.o
LOAD src/User_Drivers/utils.o
LOAD src/User_Drivers/galois_field_codes_utils/algebra_2_4.o
LOAD src/User_Drivers/galois_field_codes_utils/of_galois_field_code.o
LOAD src/main.o
LOAD src/startup_stm32l476xx.o
LOAD src/stm32l4xx_hal_msp.o
LOAD src/stm32l4xx_hal_timebase_TIM.o
LOAD src/stm32l4xx_it.o
LOAD src/system_stm32l4xx.o
LOAD /home/noitty/Ac6/SystemWorkbench/plugins/fr.ac6.mcu.externaltools.arm-none.linux64_1.16.0.201807130628/tools/compiler/bin/../lib/gcc/arm-none-eabi/7.2.1/../../../../arm-none-eabi/lib/thumb/v7e-m/fpv4-sp/hard/libm.a
START GROUP
LOAD /home/noitty/Ac6/SystemWorkbench/plugins/fr.ac6.mcu.externaltools.arm-none.linux64_1.16.0.201807130628/tools/compiler/bin/../lib/gcc/arm-none-eabi/7.2.1/thumb/v7e-m/fpv4-sp/hard/libgcc.a
LOAD /home/noitty/Ac6/SystemWorkbench/plugins/fr.ac6.mcu.externaltools.arm-none.linux64_1.16.0.201807130628/tools/compiler/bin/../lib/gcc/arm-none-eabi/7.2.1/../../../../arm-none-eabi/lib/thumb/v7e-m/fpv4-sp/hard/libc_nano.a
END GROUP
START GROUP
LOAD /home/noitty/Ac6/SystemWorkbench/plugins/fr.ac6.mcu.externaltools.arm-none.linux64_1.16.0.201807130628/tools/compiler/bin/../lib/gcc/arm-none-eabi/7.2.1/thumb/v7e-m/fpv4-sp/hard/libgcc.a
LOAD /home/noitty/Ac6/SystemWorkbench/plugins/fr.ac6.mcu.externaltools.arm-none.linux64_1.16.0.201807130628/tools/compiler/bin/../lib/gcc/arm-none-eabi/7.2.1/../../../../arm-none-eabi/lib/thumb/v7e-m/fpv4-sp/hard/libc_nano.a
LOAD /home/noitty/Ac6/SystemWorkbench/plugins/fr.ac6.mcu.externaltools.arm-none.linux64_1.16.0.201807130628/tools/compiler/bin/../lib/gcc/arm-none-eabi/7.2.1/../../../../arm-none-eabi/lib/thumb/v7e-m/fpv4-sp/hard/libnosys.a
END GROUP
START GROUP
LOAD /home/noitty/Ac6/SystemWorkbench/plugins/fr.ac6.mcu.externaltools.arm-none.linux64_1.16.0.201807130628/tools/compiler/bin/../lib/gcc/arm-none-eabi/7.2.1/thumb/v7e-m/fpv4-sp/hard/libgcc.a
LOAD /home/noitty/Ac6/SystemWorkbench/plugins/fr.ac6.mcu.externaltools.arm-none.linux64_1.16.0.201807130628/tools/compiler/bin/../lib/gcc/arm-none-eabi/7.2.1/../../../../arm-none-eabi/lib/thumb/v7e-m/fpv4-sp/hard/libc_nano.a
LOAD /home/noitty/Ac6/SystemWorkbench/plugins/fr.ac6.mcu.externaltools.arm-none.linux64_1.16.0.201807130628/tools/compiler/bin/../lib/gcc/arm-none-eabi/7.2.1/../../../../arm-none-eabi/lib/thumb/v7e-m/fpv4-sp/hard/libnosys.a
END GROUP
LOAD /home/noitty/Ac6/SystemWorkbench/plugins/fr.ac6.mcu.externaltools.arm-none.linux64_1.16.0.201807130628/tools/compiler/bin/../lib/gcc/arm-none-eabi/7.2.1/thumb/v7e-m/fpv4-sp/hard/crtend.o
LOAD /home/noitty/Ac6/SystemWorkbench/plugins/fr.ac6.mcu.externaltools.arm-none.linux64_1.16.0.201807130628/tools/compiler/bin/../lib/gcc/arm-none-eabi/7.2.1/thumb/v7e-m/fpv4-sp/hard/crtn.o
                0x0000000020018000                _estack = 0x20018000
                0x0000000000000200                _Min_Heap_Size = 0x200
                0x0000000000000400                _Min_Stack_Size = 0x400

.isr_vector     0x0000000008000000      0x188
                0x0000000008000000                . = ALIGN (0x8)
 *(.isr_vector)
 .isr_vector    0x0000000008000000      0x188 src/startup_stm32l476xx.o
                0x0000000008000000                g_pfnVectors
                0x0000000008000188                . = ALIGN (0x8)

.text           0x0000000008000190     0xc578
                0x0000000008000190                . = ALIGN (0x8)
 *(.text)
 .text          0x0000000008000190       0x40 /home/noitty/Ac6/SystemWorkbench/plugins/fr.ac6.mcu.externaltools.arm-none.linux64_1.16.0.201807130628/tools/compiler/bin/../lib/gcc/arm-none-eabi/7.2.1/thumb/v7e-m/fpv4-sp/hard/crtbegin.o
 .text          0x00000000080001d0      0x378 /home/noitty/Ac6/SystemWorkbench/plugins/fr.ac6.mcu.externaltools.arm-none.linux64_1.16.0.201807130628/tools/compiler/bin/../lib/gcc/arm-none-eabi/7.2.1/thumb/v7e-m/fpv4-sp/hard/libgcc.a(_arm_addsubdf3.o)
                0x00000000080001d0                __aeabi_drsub
                0x00000000080001d8                __aeabi_dsub
                0x00000000080001d8                __subdf3
                0x00000000080001dc                __adddf3
                0x00000000080001dc                __aeabi_dadd
                0x0000000008000454                __aeabi_ui2d
                0x0000000008000454                __floatunsidf
                0x0000000008000474                __floatsidf
                0x0000000008000474                __aeabi_i2d
                0x0000000008000498                __extendsfdf2
                0x0000000008000498                __aeabi_f2d
                0x00000000080004dc                __aeabi_ul2d
                0x00000000080004dc                __floatundidf
                0x00000000080004ec                __floatdidf
                0x00000000080004ec                __aeabi_l2d
 .text          0x0000000008000548      0x424 /home/noitty/Ac6/SystemWorkbench/plugins/fr.ac6.mcu.externaltools.arm-none.linux64_1.16.0.201807130628/tools/compiler/bin/../lib/gcc/arm-none-eabi/7.2.1/thumb/v7e-m/fpv4-sp/hard/libgcc.a(_arm_muldivdf3.o)
                0x0000000008000548                __aeabi_dmul
                0x0000000008000548                __muldf3
                0x000000000800079c                __aeabi_ddiv
                0x000000000800079c                __divdf3
 .text          0x000000000800096c      0x110 /home/noitty/Ac6/SystemWorkbench/plugins/fr.ac6.mcu.externaltools.arm-none.linux64_1.16.0.201807130628/tools/compiler/bin/../lib/gcc/arm-none-eabi/7.2.1/thumb/v7e-m/fpv4-sp/hard/libgcc.a(_arm_cmpdf2.o)
                0x000000000800096c                __gtdf2
                0x000000000800096c                __gedf2
                0x0000000008000974                __ltdf2
                0x0000000008000974                __ledf2
                0x000000000800097c                __cmpdf2
                0x000000000800097c                __eqdf2
                0x000000000800097c                __nedf2
                0x00000000080009f8                __aeabi_cdrcmple
                0x0000000008000a08                __aeabi_cdcmple
                0x0000000008000a08                __aeabi_cdcmpeq
                0x0000000008000a18                __aeabi_dcmpeq
                0x0000000008000a2c                __aeabi_dcmplt
                0x0000000008000a40                __aeabi_dcmple
                0x0000000008000a54                __aeabi_dcmpge
                0x0000000008000a68                __aeabi_dcmpgt
 .text          0x0000000008000a7c       0x2c /home/noitty/Ac6/SystemWorkbench/plugins/fr.ac6.mcu.externaltools.arm-none.linux64_1.16.0.201807130628/tools/compiler/bin/../lib/gcc/arm-none-eabi/7.2.1/thumb/v7e-m/fpv4-sp/hard/libgcc.a(_arm_unorddf2.o)
                0x0000000008000a7c                __aeabi_dcmpun
                0x0000000008000a7c                __unorddf2
 .text          0x0000000008000aa8       0x40 /home/noitty/Ac6/SystemWorkbench/plugins/fr.ac6.mcu.externaltools.arm-none.linux64_1.16.0.201807130628/tools/compiler/bin/../lib/gcc/arm-none-eabi/7.2.1/thumb/v7e-m/fpv4-sp/hard/libgcc.a(_arm_fixunsdfsi.o)
                0x0000000008000aa8                __fixunsdfsi
                0x0000000008000aa8                __aeabi_d2uiz
 .text          0x0000000008000ae8       0xa0 /home/noitty/Ac6/SystemWorkbench/plugins/fr.ac6.mcu.externaltools.arm-none.linux64_1.16.0.201807130628/tools/compiler/bin/../lib/gcc/arm-none-eabi/7.2.1/thumb/v7e-m/fpv4-sp/hard/libgcc.a(_arm_truncdfsf2.o)
                0x0000000008000ae8                __aeabi_d2f
                0x0000000008000ae8                __truncdfsf2
 .text          0x0000000008000b88       0x30 /home/noitty/Ac6/SystemWorkbench/plugins/fr.ac6.mcu.externaltools.arm-none.linux64_1.16.0.201807130628/tools/compiler/bin/../lib/gcc/arm-none-eabi/7.2.1/thumb/v7e-m/fpv4-sp/hard/libgcc.a(_aeabi_uldivmod.o)
                0x0000000008000b88                __aeabi_uldivmod
 .text          0x0000000008000bb8      0x2cc /home/noitty/Ac6/SystemWorkbench/plugins/fr.ac6.mcu.externaltools.arm-none.linux64_1.16.0.201807130628/tools/compiler/bin/../lib/gcc/arm-none-eabi/7.2.1/thumb/v7e-m/fpv4-sp/hard/libgcc.a(_udivmoddi4.o)
                0x0000000008000bb8                __udivmoddi4
 .text          0x0000000008000e84        0x4 /home/noitty/Ac6/SystemWorkbench/plugins/fr.ac6.mcu.externaltools.arm-none.linux64_1.16.0.201807130628/tools/compiler/bin/../lib/gcc/arm-none-eabi/7.2.1/thumb/v7e-m/fpv4-sp/hard/libgcc.a(_dvmd_tls.o)
                0x0000000008000e84                __aeabi_ldiv0
                0x0000000008000e84                __aeabi_idiv0
 *fill*         0x0000000008000e88        0x8 
 .text          0x0000000008000e90       0xa0 /home/noitty/Ac6/SystemWorkbench/plugins/fr.ac6.mcu.externaltools.arm-none.linux64_1.16.0.201807130628/tools/compiler/bin/../lib/gcc/arm-none-eabi/7.2.1/../../../../arm-none-eabi/lib/thumb/v7e-m/fpv4-sp/hard/libc_nano.a(lib_a-memchr.o)
                0x0000000008000e90                memchr
 *(.text*)
 .text.HAL_Init
                0x0000000008000f30       0x16 Drivers/STM32L4xx_HAL_Driver/Src/stm32l4xx_hal.o
                0x0000000008000f30                HAL_Init
 *fill*         0x0000000008000f46        0x2 
 .text.HAL_IncTick
                0x0000000008000f48       0x10 Drivers/STM32L4xx_HAL_Driver/Src/stm32l4xx_hal.o
                0x0000000008000f48                HAL_IncTick
 .text.HAL_GetTick
                0x0000000008000f58        0xc Drivers/STM32L4xx_HAL_Driver/Src/stm32l4xx_hal.o
                0x0000000008000f58                HAL_GetTick
 .text.HAL_ADC_Init
                0x0000000008000f64      0x2d4 Drivers/STM32L4xx_HAL_Driver/Src/stm32l4xx_hal_adc.o
                0x0000000008000f64                HAL_ADC_Init
 .text.HAL_ADC_ConvHalfCpltCallback
                0x0000000008001238        0x2 Drivers/STM32L4xx_HAL_Driver/Src/stm32l4xx_hal_adc.o
                0x0000000008001238                HAL_ADC_ConvHalfCpltCallback
 .text.ADC_DMAHalfConvCplt
                0x000000000800123a        0xa Drivers/STM32L4xx_HAL_Driver/Src/stm32l4xx_hal_adc.o
                0x000000000800123a                ADC_DMAHalfConvCplt
 .text.HAL_ADC_ErrorCallback
                0x0000000008001244        0x2 Drivers/STM32L4xx_HAL_Driver/Src/stm32l4xx_hal_adc.o
                0x0000000008001244                HAL_ADC_ErrorCallback
 .text.ADC_DMAConvCplt
                0x0000000008001246       0x7c Drivers/STM32L4xx_HAL_Driver/Src/stm32l4xx_hal_adc.o
                0x0000000008001246                ADC_DMAConvCplt
 .text.ADC_DMAError
                0x00000000080012c2       0x1a Drivers/STM32L4xx_HAL_Driver/Src/stm32l4xx_hal_adc.o
                0x00000000080012c2                ADC_DMAError
 .text.HAL_ADC_ConfigChannel
                0x00000000080012dc      0x594 Drivers/STM32L4xx_HAL_Driver/Src/stm32l4xx_hal_adc.o
                0x00000000080012dc                HAL_ADC_ConfigChannel
 .text.ADC_Enable
                0x0000000008001870       0x80 Drivers/STM32L4xx_HAL_Driver/Src/stm32l4xx_hal_adc.o
                0x0000000008001870                ADC_Enable
 .text.HAL_ADC_Start_DMA
                0x00000000080018f0      0x120 Drivers/STM32L4xx_HAL_Driver/Src/stm32l4xx_hal_adc.o
                0x00000000080018f0                HAL_ADC_Start_DMA
 .text.ADC_Disable
                0x0000000008001a10       0x7e Drivers/STM32L4xx_HAL_Driver/Src/stm32l4xx_hal_adc.o
                0x0000000008001a10                ADC_Disable
 .text.HAL_ADCEx_Calibration_Start
                0x0000000008001a8e       0x8e Drivers/STM32L4xx_HAL_Driver/Src/stm32l4xx_hal_adc_ex.o
                0x0000000008001a8e                HAL_ADCEx_Calibration_Start
 .text.HAL_ADCEx_MultiModeConfigChannel
                0x0000000008001b1c      0x130 Drivers/STM32L4xx_HAL_Driver/Src/stm32l4xx_hal_adc_ex.o
                0x0000000008001b1c                HAL_ADCEx_MultiModeConfigChannel
 .text.HAL_NVIC_SetPriorityGrouping
                0x0000000008001c4c       0x24 Drivers/STM32L4xx_HAL_Driver/Src/stm32l4xx_hal_cortex.o
                0x0000000008001c4c                HAL_NVIC_SetPriorityGrouping
 .text.HAL_NVIC_SetPriority
                0x0000000008001c70       0x68 Drivers/STM32L4xx_HAL_Driver/Src/stm32l4xx_hal_cortex.o
                0x0000000008001c70                HAL_NVIC_SetPriority
 .text.HAL_NVIC_EnableIRQ
                0x0000000008001cd8       0x18 Drivers/STM32L4xx_HAL_Driver/Src/stm32l4xx_hal_cortex.o
                0x0000000008001cd8                HAL_NVIC_EnableIRQ
 .text.HAL_NVIC_SystemReset
                0x0000000008001cf0       0x24 Drivers/STM32L4xx_HAL_Driver/Src/stm32l4xx_hal_cortex.o
                0x0000000008001cf0                HAL_NVIC_SystemReset
 .text.HAL_SYSTICK_Config
                0x0000000008001d14       0x2c Drivers/STM32L4xx_HAL_Driver/Src/stm32l4xx_hal_cortex.o
                0x0000000008001d14                HAL_SYSTICK_Config
 .text.HAL_SYSTICK_CLKSourceConfig
                0x0000000008001d40       0x20 Drivers/STM32L4xx_HAL_Driver/Src/stm32l4xx_hal_cortex.o
                0x0000000008001d40                HAL_SYSTICK_CLKSourceConfig
 .text.DMA_SetConfig
                0x0000000008001d60       0x2c Drivers/STM32L4xx_HAL_Driver/Src/stm32l4xx_hal_dma.o
 .text.HAL_DMA_Init
                0x0000000008001d8c       0xf0 Drivers/STM32L4xx_HAL_Driver/Src/stm32l4xx_hal_dma.o
                0x0000000008001d8c                HAL_DMA_Init
 .text.HAL_DMA_Start_IT
                0x0000000008001e7c       0x76 Drivers/STM32L4xx_HAL_Driver/Src/stm32l4xx_hal_dma.o
                0x0000000008001e7c                HAL_DMA_Start_IT
 .text.HAL_DMA_Abort
                0x0000000008001ef2       0x40 Drivers/STM32L4xx_HAL_Driver/Src/stm32l4xx_hal_dma.o
                0x0000000008001ef2                HAL_DMA_Abort
 .text.HAL_DMA_Abort_IT
                0x0000000008001f32       0x4c Drivers/STM32L4xx_HAL_Driver/Src/stm32l4xx_hal_dma.o
                0x0000000008001f32                HAL_DMA_Abort_IT
 .text.HAL_DMA_IRQHandler
                0x0000000008001f7e       0xb4 Drivers/STM32L4xx_HAL_Driver/Src/stm32l4xx_hal_dma.o
                0x0000000008001f7e                HAL_DMA_IRQHandler
 *fill*         0x0000000008002032        0x2 
 .text.FLASH_SetErrorCode
                0x0000000008002034       0xf8 Drivers/STM32L4xx_HAL_Driver/Src/stm32l4xx_hal_flash.o
 .text.FLASH_Program_DoubleWord
                0x000000000800212c       0x1c Drivers/STM32L4xx_HAL_Driver/Src/stm32l4xx_hal_flash.o
 .text.FLASH_Program_Fast
                0x0000000008002148       0x28 Drivers/STM32L4xx_HAL_Driver/Src/stm32l4xx_hal_flash.o
 .text.HAL_FLASH_Unlock
                0x0000000008002170       0x24 Drivers/STM32L4xx_HAL_Driver/Src/stm32l4xx_hal_flash.o
                0x0000000008002170                HAL_FLASH_Unlock
 .text.HAL_FLASH_Lock
                0x0000000008002194       0x14 Drivers/STM32L4xx_HAL_Driver/Src/stm32l4xx_hal_flash.o
                0x0000000008002194                HAL_FLASH_Lock
 .text.FLASH_WaitForLastOperation
                0x00000000080021a8       0xb8 Drivers/STM32L4xx_HAL_Driver/Src/stm32l4xx_hal_flash.o
                0x00000000080021a8                FLASH_WaitForLastOperation
 .text.HAL_FLASH_Program
                0x0000000008002260       0xb0 Drivers/STM32L4xx_HAL_Driver/Src/stm32l4xx_hal_flash.o
                0x0000000008002260                HAL_FLASH_Program
 .text.FLASH_MassErase
                0x0000000008002310       0x30 Drivers/STM32L4xx_HAL_Driver/Src/stm32l4xx_hal_flash_ex.o
 .text.FLASH_PageErase
                0x0000000008002340       0x4c Drivers/STM32L4xx_HAL_Driver/Src/stm32l4xx_hal_flash_ex.o
                0x0000000008002340                FLASH_PageErase
 .text.FLASH_FlushCaches
                0x000000000800238c       0x6c Drivers/STM32L4xx_HAL_Driver/Src/stm32l4xx_hal_flash_ex.o
                0x000000000800238c                FLASH_FlushCaches
 .text.HAL_FLASHEx_Erase
                0x00000000080023f8       0xfc Drivers/STM32L4xx_HAL_Driver/Src/stm32l4xx_hal_flash_ex.o
                0x00000000080023f8                HAL_FLASHEx_Erase
 .text.HAL_GPIO_Init
                0x00000000080024f4      0x1d4 Drivers/STM32L4xx_HAL_Driver/Src/stm32l4xx_hal_gpio.o
                0x00000000080024f4                HAL_GPIO_Init
 .text.HAL_GPIO_ReadPin
                0x00000000080026c8        0xe Drivers/STM32L4xx_HAL_Driver/Src/stm32l4xx_hal_gpio.o
                0x00000000080026c8                HAL_GPIO_ReadPin
 .text.HAL_GPIO_WritePin
                0x00000000080026d6        0xa Drivers/STM32L4xx_HAL_Driver/Src/stm32l4xx_hal_gpio.o
                0x00000000080026d6                HAL_GPIO_WritePin
 .text.HAL_GPIO_EXTI_IRQHandler
                0x00000000080026e0       0x1c Drivers/STM32L4xx_HAL_Driver/Src/stm32l4xx_hal_gpio.o
                0x00000000080026e0                HAL_GPIO_EXTI_IRQHandler
 .text.I2C_Flush_TXDR
                0x00000000080026fc       0x22 Drivers/STM32L4xx_HAL_Driver/Src/stm32l4xx_hal_i2c.o
 .text.I2C_TransferConfig
                0x000000000800271e       0x2e Drivers/STM32L4xx_HAL_Driver/Src/stm32l4xx_hal_i2c.o
 .text.I2C_IsAcknowledgeFailed
                0x000000000800274c       0x82 Drivers/STM32L4xx_HAL_Driver/Src/stm32l4xx_hal_i2c.o
 .text.I2C_WaitOnTXISFlagUntilTimeout
                0x00000000080027ce       0x54 Drivers/STM32L4xx_HAL_Driver/Src/stm32l4xx_hal_i2c.o
 .text.I2C_WaitOnFlagUntilTimeout
                0x0000000008002822       0x48 Drivers/STM32L4xx_HAL_Driver/Src/stm32l4xx_hal_i2c.o
 .text.I2C_WaitOnSTOPFlagUntilTimeout
                0x000000000800286a       0x4e Drivers/STM32L4xx_HAL_Driver/Src/stm32l4xx_hal_i2c.o
 .text.I2C_WaitOnRXNEFlagUntilTimeout
                0x00000000080028b8       0x82 Drivers/STM32L4xx_HAL_Driver/Src/stm32l4xx_hal_i2c.o
 .text.HAL_I2C_Init
                0x000000000800293a       0xbc Drivers/STM32L4xx_HAL_Driver/Src/stm32l4xx_hal_i2c.o
                0x000000000800293a                HAL_I2C_Init
 .text.HAL_I2C_Master_Transmit
                0x00000000080029f6      0x18e Drivers/STM32L4xx_HAL_Driver/Src/stm32l4xx_hal_i2c.o
                0x00000000080029f6                HAL_I2C_Master_Transmit
 .text.HAL_I2C_Master_Receive
                0x0000000008002b84      0x18e Drivers/STM32L4xx_HAL_Driver/Src/stm32l4xx_hal_i2c.o
                0x0000000008002b84                HAL_I2C_Master_Receive
 .text.HAL_I2CEx_ConfigAnalogFilter
                0x0000000008002d12       0x5c Drivers/STM32L4xx_HAL_Driver/Src/stm32l4xx_hal_i2c_ex.o
                0x0000000008002d12                HAL_I2CEx_ConfigAnalogFilter
 .text.HAL_I2CEx_ConfigDigitalFilter
                0x0000000008002d6e       0x58 Drivers/STM32L4xx_HAL_Driver/Src/stm32l4xx_hal_i2c_ex.o
                0x0000000008002d6e                HAL_I2CEx_ConfigDigitalFilter
 .text.HAL_IWDG_Init
                0x0000000008002dc6       0x58 Drivers/STM32L4xx_HAL_Driver/Src/stm32l4xx_hal_iwdg.o
                0x0000000008002dc6                HAL_IWDG_Init
 .text.HAL_IWDG_Refresh
                0x0000000008002e1e        0xc Drivers/STM32L4xx_HAL_Driver/Src/stm32l4xx_hal_iwdg.o
                0x0000000008002e1e                HAL_IWDG_Refresh
 *fill*         0x0000000008002e2a        0x2 
 .text.HAL_PWREx_GetVoltageRange
                0x0000000008002e2c       0x10 Drivers/STM32L4xx_HAL_Driver/Src/stm32l4xx_hal_pwr_ex.o
                0x0000000008002e2c                HAL_PWREx_GetVoltageRange
 .text.HAL_PWREx_ControlVoltageScaling
                0x0000000008002e3c       0x90 Drivers/STM32L4xx_HAL_Driver/Src/stm32l4xx_hal_pwr_ex.o
                0x0000000008002e3c                HAL_PWREx_ControlVoltageScaling
 .text.RCC_SetFlashLatencyFromMSIRange
                0x0000000008002ecc       0x90 Drivers/STM32L4xx_HAL_Driver/Src/stm32l4xx_hal_rcc.o
 .text.HAL_RCC_GetSysClockFreq
                0x0000000008002f5c      0x164 Drivers/STM32L4xx_HAL_Driver/Src/stm32l4xx_hal_rcc.o
                0x0000000008002f5c                HAL_RCC_GetSysClockFreq
 .text.HAL_RCC_OscConfig
                0x00000000080030c0      0x5a4 Drivers/STM32L4xx_HAL_Driver/Src/stm32l4xx_hal_rcc.o
                0x00000000080030c0                HAL_RCC_OscConfig
 .text.HAL_RCC_ClockConfig
                0x0000000008003664      0x1b8 Drivers/STM32L4xx_HAL_Driver/Src/stm32l4xx_hal_rcc.o
                0x0000000008003664                HAL_RCC_ClockConfig
 .text.HAL_RCC_GetHCLKFreq
                0x000000000800381c        0xc Drivers/STM32L4xx_HAL_Driver/Src/stm32l4xx_hal_rcc.o
                0x000000000800381c                HAL_RCC_GetHCLKFreq
 .text.HAL_RCC_GetPCLK1Freq
                0x0000000008003828       0x2c Drivers/STM32L4xx_HAL_Driver/Src/stm32l4xx_hal_rcc.o
                0x0000000008003828                HAL_RCC_GetPCLK1Freq
 .text.HAL_RCC_GetPCLK2Freq
                0x0000000008003854       0x2c Drivers/STM32L4xx_HAL_Driver/Src/stm32l4xx_hal_rcc.o
                0x0000000008003854                HAL_RCC_GetPCLK2Freq
 .text.HAL_RCC_GetClockConfig
                0x0000000008003880       0x3c Drivers/STM32L4xx_HAL_Driver/Src/stm32l4xx_hal_rcc.o
                0x0000000008003880                HAL_RCC_GetClockConfig
 .text.RCCEx_PLLSAI1_Config
                0x00000000080038bc      0x1d0 Drivers/STM32L4xx_HAL_Driver/Src/stm32l4xx_hal_rcc_ex.o
 .text.RCCEx_PLLSAI2_Config
                0x0000000008003a8c      0x194 Drivers/STM32L4xx_HAL_Driver/Src/stm32l4xx_hal_rcc_ex.o
 .text.HAL_RCCEx_PeriphCLKConfig
                0x0000000008003c20      0x450 Drivers/STM32L4xx_HAL_Driver/Src/stm32l4xx_hal_rcc_ex.o
                0x0000000008003c20                HAL_RCCEx_PeriphCLKConfig
 .text.SPI_WaitFlagStateUntilTimeout
                0x0000000008004070       0x92 Drivers/STM32L4xx_HAL_Driver/Src/stm32l4xx_hal_spi.o
 .text.SPI_WaitFifoStateUntilTimeout
                0x0000000008004102       0xa4 Drivers/STM32L4xx_HAL_Driver/Src/stm32l4xx_hal_spi.o
 .text.SPI_EndRxTxTransaction
                0x00000000080041a6       0x66 Drivers/STM32L4xx_HAL_Driver/Src/stm32l4xx_hal_spi.o
 .text.HAL_SPI_Init
                0x000000000800420c       0xb0 Drivers/STM32L4xx_HAL_Driver/Src/stm32l4xx_hal_spi.o
                0x000000000800420c                HAL_SPI_Init
 .text.HAL_SPI_Transmit
                0x00000000080042bc      0x1c2 Drivers/STM32L4xx_HAL_Driver/Src/stm32l4xx_hal_spi.o
                0x00000000080042bc                HAL_SPI_Transmit
 .text.HAL_SPI_TransmitReceive
                0x000000000800447e      0x2b4 Drivers/STM32L4xx_HAL_Driver/Src/stm32l4xx_hal_spi.o
                0x000000000800447e                HAL_SPI_TransmitReceive
 .text.HAL_SPI_ErrorCallback
                0x0000000008004732        0x2 Drivers/STM32L4xx_HAL_Driver/Src/stm32l4xx_hal_spi.o
                0x0000000008004732                HAL_SPI_ErrorCallback
 .text.HAL_SPI_IRQHandler
                0x0000000008004734      0x108 Drivers/STM32L4xx_HAL_Driver/Src/stm32l4xx_hal_spi.o
                0x0000000008004734                HAL_SPI_IRQHandler
 .text.SPI_DMAAbortOnError
                0x000000000800483c       0x12 Drivers/STM32L4xx_HAL_Driver/Src/stm32l4xx_hal_spi.o
 .text.HAL_TIM_Base_MspInit
                0x000000000800484e        0x2 Drivers/STM32L4xx_HAL_Driver/Src/stm32l4xx_hal_tim.o
                0x000000000800484e                HAL_TIM_Base_MspInit
 .text.HAL_TIM_Base_Start_IT
                0x0000000008004850       0x18 Drivers/STM32L4xx_HAL_Driver/Src/stm32l4xx_hal_tim.o
                0x0000000008004850                HAL_TIM_Base_Start_IT
 .text.HAL_TIM_OC_DelayElapsedCallback
                0x0000000008004868        0x2 Drivers/STM32L4xx_HAL_Driver/Src/stm32l4xx_hal_tim.o
                0x0000000008004868                HAL_TIM_OC_DelayElapsedCallback
 .text.HAL_TIM_IC_CaptureCallback
                0x000000000800486a        0x2 Drivers/STM32L4xx_HAL_Driver/Src/stm32l4xx_hal_tim.o
                0x000000000800486a                HAL_TIM_IC_CaptureCallback
 .text.HAL_TIM_PWM_PulseFinishedCallback
                0x000000000800486c        0x2 Drivers/STM32L4xx_HAL_Driver/Src/stm32l4xx_hal_tim.o
                0x000000000800486c                HAL_TIM_PWM_PulseFinishedCallback
 .text.HAL_TIM_TriggerCallback
                0x000000000800486e        0x2 Drivers/STM32L4xx_HAL_Driver/Src/stm32l4xx_hal_tim.o
                0x000000000800486e                HAL_TIM_TriggerCallback
 .text.HAL_TIM_IRQHandler
                0x0000000008004870      0x17a Drivers/STM32L4xx_HAL_Driver/Src/stm32l4xx_hal_tim.o
                0x0000000008004870                HAL_TIM_IRQHandler
 *fill*         0x00000000080049ea        0x2 
 .text.TIM_Base_SetConfig
                0x00000000080049ec       0xc0 Drivers/STM32L4xx_HAL_Driver/Src/stm32l4xx_hal_tim.o
                0x00000000080049ec                TIM_Base_SetConfig
 .text.HAL_TIM_Base_Init
                0x0000000008004aac       0x32 Drivers/STM32L4xx_HAL_Driver/Src/stm32l4xx_hal_tim.o
                0x0000000008004aac                HAL_TIM_Base_Init
 .text.HAL_TIMEx_CommutationCallback
                0x0000000008004ade        0x2 Drivers/STM32L4xx_HAL_Driver/Src/stm32l4xx_hal_tim_ex.o
                0x0000000008004ade                HAL_TIMEx_CommutationCallback
 .text.HAL_TIMEx_BreakCallback
                0x0000000008004ae0        0x2 Drivers/STM32L4xx_HAL_Driver/Src/stm32l4xx_hal_tim_ex.o
                0x0000000008004ae0                HAL_TIMEx_BreakCallback
 .text.UART_EndTxTransfer
                0x0000000008004ae2       0x12 Drivers/STM32L4xx_HAL_Driver/Src/stm32l4xx_hal_uart.o
 .text.UART_EndRxTransfer
                0x0000000008004af4       0x1c Drivers/STM32L4xx_HAL_Driver/Src/stm32l4xx_hal_uart.o
 .text.UART_Transmit_IT
                0x0000000008004b10       0x6c Drivers/STM32L4xx_HAL_Driver/Src/stm32l4xx_hal_uart.o
 .text.HAL_UART_Transmit_DMA
                0x0000000008004b7c       0x90 Drivers/STM32L4xx_HAL_Driver/Src/stm32l4xx_hal_uart.o
                0x0000000008004b7c                HAL_UART_Transmit_DMA
 .text.HAL_UART_Receive_DMA
                0x0000000008004c0c       0x9c Drivers/STM32L4xx_HAL_Driver/Src/stm32l4xx_hal_uart.o
                0x0000000008004c0c                HAL_UART_Receive_DMA
 .text.HAL_UART_DMAStop
                0x0000000008004ca8       0x60 Drivers/STM32L4xx_HAL_Driver/Src/stm32l4xx_hal_uart.o
                0x0000000008004ca8                HAL_UART_DMAStop
 .text.UART_DMATransmitCplt
                0x0000000008004d08       0x32 Drivers/STM32L4xx_HAL_Driver/Src/stm32l4xx_hal_uart.o
 .text.UART_EndTransmit_IT
                0x0000000008004d3a       0x1a Drivers/STM32L4xx_HAL_Driver/Src/stm32l4xx_hal_uart.o
 .text.HAL_UART_TxHalfCpltCallback
                0x0000000008004d54        0x2 Drivers/STM32L4xx_HAL_Driver/Src/stm32l4xx_hal_uart.o
                0x0000000008004d54                HAL_UART_TxHalfCpltCallback
 .text.UART_DMATxHalfCplt
                0x0000000008004d56        0xa Drivers/STM32L4xx_HAL_Driver/Src/stm32l4xx_hal_uart.o
 .text.UART_DMAReceiveCplt
                0x0000000008004d60       0x40 Drivers/STM32L4xx_HAL_Driver/Src/stm32l4xx_hal_uart.o
 .text.UART_Receive_IT
                0x0000000008004da0       0x80 Drivers/STM32L4xx_HAL_Driver/Src/stm32l4xx_hal_uart.o
 .text.UART_DMARxHalfCplt
                0x0000000008004e20        0xa Drivers/STM32L4xx_HAL_Driver/Src/stm32l4xx_hal_uart.o
 .text.UART_DMAError
                0x0000000008004e2a       0x58 Drivers/STM32L4xx_HAL_Driver/Src/stm32l4xx_hal_uart.o
 *fill*         0x0000000008004e82        0x2 
 .text.HAL_UART_IRQHandler
                0x0000000008004e84      0x15c Drivers/STM32L4xx_HAL_Driver/Src/stm32l4xx_hal_uart.o
                0x0000000008004e84                HAL_UART_IRQHandler
 .text.UART_DMAAbortOnError
                0x0000000008004fe0       0x14 Drivers/STM32L4xx_HAL_Driver/Src/stm32l4xx_hal_uart.o
 .text.UART_SetConfig
                0x0000000008004ff4      0x408 Drivers/STM32L4xx_HAL_Driver/Src/stm32l4xx_hal_uart.o
                0x0000000008004ff4                UART_SetConfig
 .text.UART_AdvFeatureConfig
                0x00000000080053fc       0xca Drivers/STM32L4xx_HAL_Driver/Src/stm32l4xx_hal_uart.o
                0x00000000080053fc                UART_AdvFeatureConfig
 .text.UART_WaitOnFlagUntilTimeout
                0x00000000080054c6       0x62 Drivers/STM32L4xx_HAL_Driver/Src/stm32l4xx_hal_uart.o
                0x00000000080054c6                UART_WaitOnFlagUntilTimeout
 .text.UART_CheckIdleState
                0x0000000008005528       0x70 Drivers/STM32L4xx_HAL_Driver/Src/stm32l4xx_hal_uart.o
                0x0000000008005528                UART_CheckIdleState
 .text.HAL_UART_Init
                0x0000000008005598       0x66 Drivers/STM32L4xx_HAL_Driver/Src/stm32l4xx_hal_uart.o
                0x0000000008005598                HAL_UART_Init
 .text.HAL_UARTEx_WakeupCallback
                0x00000000080055fe        0x2 Drivers/STM32L4xx_HAL_Driver/Src/stm32l4xx_hal_uart_ex.o
                0x00000000080055fe                HAL_UARTEx_WakeupCallback
 .text.vListInitialise
                0x0000000008005600       0x16 Middlewares/Third_Party/FreeRTOS/Source/list.o
                0x0000000008005600                vListInitialise
 .text.vListInitialiseItem
                0x0000000008005616        0x6 Middlewares/Third_Party/FreeRTOS/Source/list.o
                0x0000000008005616                vListInitialiseItem
 .text.vListInsertEnd
                0x000000000800561c       0x18 Middlewares/Third_Party/FreeRTOS/Source/list.o
                0x000000000800561c                vListInsertEnd
 .text.vListInsert
                0x0000000008005634       0x34 Middlewares/Third_Party/FreeRTOS/Source/list.o
                0x0000000008005634                vListInsert
 .text.uxListRemove
                0x0000000008005668       0x26 Middlewares/Third_Party/FreeRTOS/Source/list.o
                0x0000000008005668                uxListRemove
 .text.prvIsQueueFull
                0x000000000800568e       0x1e Middlewares/Third_Party/FreeRTOS/Source/queue.o
 .text.prvIsQueueEmpty
                0x00000000080056ac       0x1a Middlewares/Third_Party/FreeRTOS/Source/queue.o
 .text.prvCopyDataToQueue
                0x00000000080056c6       0x76 Middlewares/Third_Party/FreeRTOS/Source/queue.o
 .text.prvCopyDataFromQueue
                0x000000000800573c       0x24 Middlewares/Third_Party/FreeRTOS/Source/queue.o
 .text.prvUnlockQueue
                0x0000000008005760       0x6e Middlewares/Third_Party/FreeRTOS/Source/queue.o
 *fill*         0x00000000080057ce        0x2 
 .text.xQueueGenericReset
                0x00000000080057d0       0x84 Middlewares/Third_Party/FreeRTOS/Source/queue.o
                0x00000000080057d0                xQueueGenericReset
 .text.prvInitialiseNewQueue
                0x0000000008005854       0x1c Middlewares/Third_Party/FreeRTOS/Source/queue.o
 .text.xQueueGenericCreateStatic
                0x0000000008005870       0x8a Middlewares/Third_Party/FreeRTOS/Source/queue.o
                0x0000000008005870                xQueueGenericCreateStatic
 *fill*         0x00000000080058fa        0x2 
 .text.xQueueGenericSend
                0x00000000080058fc      0x17c Middlewares/Third_Party/FreeRTOS/Source/queue.o
                0x00000000080058fc                xQueueGenericSend
 .text.prvInitialiseMutex
                0x0000000008005a78       0x18 Middlewares/Third_Party/FreeRTOS/Source/queue.o
 .text.xQueueCreateMutexStatic
                0x0000000008005a90       0x1e Middlewares/Third_Party/FreeRTOS/Source/queue.o
                0x0000000008005a90                xQueueCreateMutexStatic
 .text.xQueueGenericSendFromISR
                0x0000000008005aae       0xcc Middlewares/Third_Party/FreeRTOS/Source/queue.o
                0x0000000008005aae                xQueueGenericSendFromISR
 *fill*         0x0000000008005b7a        0x2 
 .text.xQueueGenericReceive
                0x0000000008005b7c      0x1a4 Middlewares/Third_Party/FreeRTOS/Source/queue.o
                0x0000000008005b7c                xQueueGenericReceive
 .text.uxQueueMessagesWaiting
                0x0000000008005d20       0x26 Middlewares/Third_Party/FreeRTOS/Source/queue.o
                0x0000000008005d20                uxQueueMessagesWaiting
 *fill*         0x0000000008005d46        0x2 
 .text.prvGetExpectedIdleTime
                0x0000000008005d48       0x4c Middlewares/Third_Party/FreeRTOS/Source/tasks.o
 .text.prvTaskCheckFreeStackSpace
                0x0000000008005d94       0x14 Middlewares/Third_Party/FreeRTOS/Source/tasks.o
 .text.prvResetNextTaskUnblockTime
                0x0000000008005da8       0x2c Middlewares/Third_Party/FreeRTOS/Source/tasks.o
 .text.prvInitialiseNewTask
                0x0000000008005dd4       0x90 Middlewares/Third_Party/FreeRTOS/Source/tasks.o
 .text.prvInitialiseTaskLists
                0x0000000008005e64       0x68 Middlewares/Third_Party/FreeRTOS/Source/tasks.o
 .text.prvAddNewTaskToReadyList
                0x0000000008005ecc       0xa8 Middlewares/Third_Party/FreeRTOS/Source/tasks.o
 .text.prvAddCurrentTaskToDelayedList
                0x0000000008005f74       0x98 Middlewares/Third_Party/FreeRTOS/Source/tasks.o
 .text.xTaskCreateStatic
                0x000000000800600c       0x50 Middlewares/Third_Party/FreeRTOS/Source/tasks.o
                0x000000000800600c                xTaskCreateStatic
 .text.vTaskStartScheduler
                0x000000000800605c       0x6c Middlewares/Third_Party/FreeRTOS/Source/tasks.o
                0x000000000800605c                vTaskStartScheduler
 .text.vTaskSuspendAll
                0x00000000080060c8       0x10 Middlewares/Third_Party/FreeRTOS/Source/tasks.o
                0x00000000080060c8                vTaskSuspendAll
 .text.xTaskGetTickCount
                0x00000000080060d8        0xc Middlewares/Third_Party/FreeRTOS/Source/tasks.o
                0x00000000080060d8                xTaskGetTickCount
 .text.vTaskStepTick
                0x00000000080060e4       0x34 Middlewares/Third_Party/FreeRTOS/Source/tasks.o
                0x00000000080060e4                vTaskStepTick
 .text.xTaskIncrementTick
                0x0000000008006118      0x118 Middlewares/Third_Party/FreeRTOS/Source/tasks.o
                0x0000000008006118                xTaskIncrementTick
 .text.xTaskResumeAll
                0x0000000008006230       0xf4 Middlewares/Third_Party/FreeRTOS/Source/tasks.o
                0x0000000008006230                xTaskResumeAll
 .text.vTaskDelay
                0x0000000008006324       0x4c Middlewares/Third_Party/FreeRTOS/Source/tasks.o
                0x0000000008006324                vTaskDelay
 .text.prvCheckTasksWaitingTermination
                0x0000000008006370       0x54 Middlewares/Third_Party/FreeRTOS/Source/tasks.o
 .text.prvIdleTask
                0x00000000080063c4       0x70 Middlewares/Third_Party/FreeRTOS/Source/tasks.o
 .text.vTaskSwitchContext
                0x0000000008006434       0x98 Middlewares/Third_Party/FreeRTOS/Source/tasks.o
                0x0000000008006434                vTaskSwitchContext
 .text.vTaskPlaceOnEventList
                0x00000000080064cc       0x30 Middlewares/Third_Party/FreeRTOS/Source/tasks.o
                0x00000000080064cc                vTaskPlaceOnEventList
 .text.xTaskRemoveFromEventList
                0x00000000080064fc       0x90 Middlewares/Third_Party/FreeRTOS/Source/tasks.o
                0x00000000080064fc                xTaskRemoveFromEventList
 .text.vTaskSetTimeOutState
                0x000000000800658c       0x2c Middlewares/Third_Party/FreeRTOS/Source/tasks.o
                0x000000000800658c                vTaskSetTimeOutState
 .text.xTaskCheckForTimeOut
                0x00000000080065b8       0x80 Middlewares/Third_Party/FreeRTOS/Source/tasks.o
                0x00000000080065b8                xTaskCheckForTimeOut
 .text.vTaskMissedYield
                0x0000000008006638        0xc Middlewares/Third_Party/FreeRTOS/Source/tasks.o
                0x0000000008006638                vTaskMissedYield
 .text.eTaskConfirmSleepModeStatus
                0x0000000008006644       0x3c Middlewares/Third_Party/FreeRTOS/Source/tasks.o
                0x0000000008006644                eTaskConfirmSleepModeStatus
 .text.uxTaskGetStackHighWaterMark
                0x0000000008006680       0x18 Middlewares/Third_Party/FreeRTOS/Source/tasks.o
                0x0000000008006680                uxTaskGetStackHighWaterMark
 .text.xTaskGetSchedulerState
                0x0000000008006698       0x20 Middlewares/Third_Party/FreeRTOS/Source/tasks.o
                0x0000000008006698                xTaskGetSchedulerState
 .text.vTaskPriorityInherit
                0x00000000080066b8       0xa0 Middlewares/Third_Party/FreeRTOS/Source/tasks.o
                0x00000000080066b8                vTaskPriorityInherit
 .text.xTaskPriorityDisinherit
                0x0000000008006758       0xb0 Middlewares/Third_Party/FreeRTOS/Source/tasks.o
                0x0000000008006758                xTaskPriorityDisinherit
 .text.pvTaskIncrementMutexHeldCount
                0x0000000008006808       0x1c Middlewares/Third_Party/FreeRTOS/Source/tasks.o
                0x0000000008006808                pvTaskIncrementMutexHeldCount
 .text.xTaskNotifyWait
                0x0000000008006824       0x98 Middlewares/Third_Party/FreeRTOS/Source/tasks.o
                0x0000000008006824                xTaskNotifyWait
 .text.xTaskGenericNotify
                0x00000000080068bc       0xe4 Middlewares/Third_Party/FreeRTOS/Source/tasks.o
                0x00000000080068bc                xTaskGenericNotify
 .text.xTaskGenericNotifyFromISR
                0x00000000080069a0      0x120 Middlewares/Third_Party/FreeRTOS/Source/tasks.o
                0x00000000080069a0                xTaskGenericNotifyFromISR
 .text.prvTaskExitError
                0x0000000008006ac0       0x34 Middlewares/Third_Party/FreeRTOS/Source/portable/GCC/ARM_CM4F/port.o
 .text.prvPortStartFirstTask
                0x0000000008006af4       0x20 Middlewares/Third_Party/FreeRTOS/Source/portable/GCC/ARM_CM4F/port.o
 .text.vPortEnableVFP
                0x0000000008006b14       0x14 Middlewares/Third_Party/FreeRTOS/Source/portable/GCC/ARM_CM4F/port.o
 .text.pxPortInitialiseStack
                0x0000000008006b28       0x2c Middlewares/Third_Party/FreeRTOS/Source/portable/GCC/ARM_CM4F/port.o
                0x0000000008006b28                pxPortInitialiseStack
 *fill*         0x0000000008006b54        0xc 
 .text.SVC_Handler
                0x0000000008006b60       0x24 Middlewares/Third_Party/FreeRTOS/Source/portable/GCC/ARM_CM4F/port.o
                0x0000000008006b60                SVC_Handler
 .text.vPortEnterCritical
                0x0000000008006b84       0x44 Middlewares/Third_Party/FreeRTOS/Source/portable/GCC/ARM_CM4F/port.o
                0x0000000008006b84                vPortEnterCritical
 .text.vPortExitCritical
                0x0000000008006bc8       0x2c Middlewares/Third_Party/FreeRTOS/Source/portable/GCC/ARM_CM4F/port.o
                0x0000000008006bc8                vPortExitCritical
 *fill*         0x0000000008006bf4        0xc 
 .text.PendSV_Handler
                0x0000000008006c00       0x64 Middlewares/Third_Party/FreeRTOS/Source/portable/GCC/ARM_CM4F/port.o
                0x0000000008006c00                PendSV_Handler
 .text.xPortSysTickHandler
                0x0000000008006c64       0x2c Middlewares/Third_Party/FreeRTOS/Source/portable/GCC/ARM_CM4F/port.o
                0x0000000008006c64                xPortSysTickHandler
 .text.vPortSuppressTicksAndSleep
                0x0000000008006c90      0x130 Middlewares/Third_Party/FreeRTOS/Source/portable/GCC/ARM_CM4F/port.o
                0x0000000008006c90                vPortSuppressTicksAndSleep
 .text.vPortSetupTimerInterrupt
                0x0000000008006dc0       0x4c Middlewares/Third_Party/FreeRTOS/Source/portable/GCC/ARM_CM4F/port.o
                0x0000000008006dc0                vPortSetupTimerInterrupt
 .text.xPortStartScheduler
                0x0000000008006e0c       0xec Middlewares/Third_Party/FreeRTOS/Source/portable/GCC/ARM_CM4F/port.o
                0x0000000008006e0c                xPortStartScheduler
 .text.vPortValidateInterruptPriority
                0x0000000008006ef8       0x5c Middlewares/Third_Party/FreeRTOS/Source/portable/GCC/ARM_CM4F/port.o
                0x0000000008006ef8                vPortValidateInterruptPriority
 .text.get_if_word
                0x0000000008006f54        0x8 src/User_Drivers/cc1101_routine.o
 .text.get_chanbw_words
                0x0000000008006f5c       0x54 src/User_Drivers/cc1101_routine.o
 .text.reset_parameters
                0x0000000008006fb0       0x14 src/User_Drivers/cc1101_routine.o
 .text.radio_csma
                0x0000000008006fc4        0xe src/User_Drivers/cc1101_routine.o
 .text.CC_SPIReadBurstReg
                0x0000000008006fd2       0x72 src/User_Drivers/cc1101_routine.o
 .text.CC_SPIWriteReg
                0x0000000008007044       0x3e src/User_Drivers/cc1101_routine.o
 .text.CC_SPIReadStatus
                0x0000000008007082       0x52 src/User_Drivers/cc1101_routine.o
 .text.get_dec_rssi
                0x00000000080070d4       0x20 src/User_Drivers/cc1101_routine.o
 .text.CC_SPIStrobe
                0x00000000080070f4       0x3c src/User_Drivers/cc1101_routine.o
 .text.radio_flush_fifos
                0x0000000008007130       0x18 src/User_Drivers/cc1101_routine.o
 .text.radio_turn_idle
                0x0000000008007148       0x80 src/User_Drivers/cc1101_routine.o
 .text.CC_SPIWriteBurstReg
                0x00000000080071c8       0x66 src/User_Drivers/cc1101_routine.o
 *fill*         0x000000000800722e        0x2 
 .text.CC_PowerupResetCCxxxx
                0x0000000008007230       0x80 src/User_Drivers/cc1101_routine.o
 .text.get_rate_words
                0x00000000080072b0      0x1a4 src/User_Drivers/cc1101_routine.o
 .text.radio_send_block
                0x0000000008007454       0xb0 src/User_Drivers/cc1101_routine.o
 .text.change_frequency
                0x0000000008007504       0x3c src/User_Drivers/cc1101_routine.o
 .text.get_cc1101_statistics
                0x0000000008007540       0x50 src/User_Drivers/cc1101_routine.o
                0x0000000008007540                get_cc1101_statistics
 .text.gdo2_isr
                0x0000000008007590       0xd4 src/User_Drivers/cc1101_routine.o
                0x0000000008007590                gdo2_isr
 .text.set_freq_parameters
                0x0000000008007664       0x30 src/User_Drivers/cc1101_routine.o
                0x0000000008007664                set_freq_parameters
 .text.set_sync_parameters
                0x0000000008007694        0xa src/User_Drivers/cc1101_routine.o
                0x0000000008007694                set_sync_parameters
 .text.set_packet_parameters
                0x000000000800769e        0x8 src/User_Drivers/cc1101_routine.o
                0x000000000800769e                set_packet_parameters
 .text.set_modulation_parameters
                0x00000000080076a6        0xc src/User_Drivers/cc1101_routine.o
                0x00000000080076a6                set_modulation_parameters
 .text.get_freq_word
                0x00000000080076b2       0x12 src/User_Drivers/cc1101_routine.o
                0x00000000080076b2                get_freq_word
 .text.set_freq
                0x00000000080076c4       0x90 src/User_Drivers/cc1101_routine.o
 .text.init_radio_config
                0x0000000008007754      0x26c src/User_Drivers/cc1101_routine.o
                0x0000000008007754                init_radio_config
 .text.transmission_mode
                0x00000000080079c0       0x38 src/User_Drivers/cc1101_routine.o
                0x00000000080079c0                transmission_mode
 .text.radio_turn_tx
                0x00000000080079f8       0x84 src/User_Drivers/cc1101_routine.o
 .text.reception_mode
                0x0000000008007a7c       0x38 src/User_Drivers/cc1101_routine.o
                0x0000000008007a7c                reception_mode
 .text.radio_turn_rx_isr
                0x0000000008007ab4       0x98 src/User_Drivers/cc1101_routine.o
 .text.gdo0_isr
                0x0000000008007b4c      0x1c4 src/User_Drivers/cc1101_routine.o
                0x0000000008007b4c                gdo0_isr
 .text.radio_turn_rx
                0x0000000008007d10        0xc src/User_Drivers/cc1101_routine.o
 .text.radio_send_packet
                0x0000000008007d1c       0x40 src/User_Drivers/cc1101_routine.o
                0x0000000008007d1c                radio_send_packet
 .text.enable_isr_routine
                0x0000000008007d5c       0x2c src/User_Drivers/cc1101_routine.o
                0x0000000008007d5c                enable_isr_routine
 .text.HAL_GPIO_EXTI_Callback
                0x0000000008007d88       0x88 src/User_Drivers/cc1101_routine.o
                0x0000000008007d88                HAL_GPIO_EXTI_Callback
 .text.initialize_cc1101
                0x0000000008007e10       0xc0 src/User_Drivers/cc1101_routine.o
                0x0000000008007e10                initialize_cc1101
 .text.cc1101_work
                0x0000000008007ed0      0x1a0 src/User_Drivers/cc1101_routine.o
                0x0000000008007ed0                cc1101_work
 .text.csma_tx_work
                0x0000000008008070       0xbc src/User_Drivers/cc1101_routine.o
                0x0000000008008070                csma_tx_work
 .text.process_command
                0x000000000800812c      0x144 src/User_Drivers/command_parser.o
 .text.usart_work
                0x0000000008008270      0x160 src/User_Drivers/command_parser.o
                0x0000000008008270                usart_work
 .text.write_eeprom
                0x00000000080083d0       0x70 src/User_Drivers/eeprom.o
                0x00000000080083d0                write_eeprom
 .text.read_eeprom
                0x0000000008008440       0x34 src/User_Drivers/eeprom.o
                0x0000000008008440                read_eeprom
 .text.CommsFunc
                0x0000000008008474       0x12 src/User_Drivers/freertos_routines.o
                0x0000000008008474                CommsFunc
 .text.CommsTxFunc
                0x0000000008008486       0x12 src/User_Drivers/freertos_routines.o
                0x0000000008008486                CommsTxFunc
 .text.InterfaceFunc
                0x0000000008008498       0x12 src/User_Drivers/freertos_routines.o
                0x0000000008008498                InterfaceFunc
 .text.PreSleepProcessing
                0x00000000080084aa        0x2 src/User_Drivers/freertos_routines.o
                0x00000000080084aa                PreSleepProcessing
 .text.PostSleepProcessing
                0x00000000080084ac        0x2 src/User_Drivers/freertos_routines.o
                0x00000000080084ac                PostSleepProcessing
 *fill*         0x00000000080084ae        0x2 
 .text.vApplicationGetIdleTaskMemory
                0x00000000080084b0       0x18 src/User_Drivers/freertos_routines.o
                0x00000000080084b0                vApplicationGetIdleTaskMemory
 .text.ReturnHKData
                0x00000000080084c8       0x34 src/User_Drivers/freertos_routines.o
                0x00000000080084c8                ReturnHKData
 .text.GetModuleHKData
                0x00000000080084fc      0x10c src/User_Drivers/freertos_routines.o
                0x00000000080084fc                GetModuleHKData
 .text.ControlFunc
                0x0000000008008608      0x138 src/User_Drivers/freertos_routines.o
                0x0000000008008608                ControlFunc
 .text.init_freertos_tasks
                0x0000000008008740      0x1b8 src/User_Drivers/freertos_routines.o
                0x0000000008008740                init_freertos_tasks
 .text.get_tscalib
                0x00000000080088f8       0x20 src/User_Drivers/housekeeping.o
 .text.HAL_ADC_ConvCpltCallback
                0x0000000008008918       0x3c src/User_Drivers/housekeeping.o
                0x0000000008008918                HAL_ADC_ConvCpltCallback
 .text.get_ref_voltage
                0x0000000008008954       0x40 src/User_Drivers/housekeeping.o
                0x0000000008008954                get_ref_voltage
 .text.refresh_housekeeping
                0x0000000008008994       0x30 src/User_Drivers/housekeeping.o
                0x0000000008008994                refresh_housekeeping
 .text.init_housekeeping
                0x00000000080089c4       0x28 src/User_Drivers/housekeeping.o
                0x00000000080089c4                init_housekeeping
 .text.get_external_temperature
                0x00000000080089ec       0xbc src/User_Drivers/housekeeping.o
                0x00000000080089ec                get_external_temperature
 .text.get_internal_temperature
                0x0000000008008aa8       0x80 src/User_Drivers/housekeeping.o
                0x0000000008008aa8                get_internal_temperature
 .text.get_power_meter_measurement
                0x0000000008008b28       0x7c src/User_Drivers/housekeeping.o
                0x0000000008008b28                get_power_meter_measurement
 .text.build_llc_packet
                0x0000000008008ba4       0x84 src/User_Drivers/link_layer.o
                0x0000000008008ba4                build_llc_packet
 .text.get_llc_packet
                0x0000000008008c28       0x52 src/User_Drivers/link_layer.o
                0x0000000008008c28                get_llc_packet
 .text.init_chunk_handler
                0x0000000008008c7a       0x54 src/User_Drivers/link_layer.o
                0x0000000008008c7a                init_chunk_handler
 *fill*         0x0000000008008cce        0x2 
 .text.set_new_packet_to_chunk
                0x0000000008008cd0      0x1c0 src/User_Drivers/link_layer.o
                0x0000000008008cd0                set_new_packet_to_chunk
 .text.get_new_packet_from_chunk
                0x0000000008008e90      0x1b8 src/User_Drivers/link_layer.o
                0x0000000008008e90                get_new_packet_from_chunk
 .text.of_rs_2_m_create_codec_instance
                0x0000000008009048       0x10 src/User_Drivers/of_reed-solomon_gf_2_m_api.o
                0x0000000008009048                of_rs_2_m_create_codec_instance
 .text.of_rs_2_m_set_fec_parameters
                0x0000000008009058       0x78 src/User_Drivers/of_reed-solomon_gf_2_m_api.o
                0x0000000008009058                of_rs_2_m_set_fec_parameters
 .text.of_rs_2_m_build_repair_symbol
                0x00000000080090d0       0x38 src/User_Drivers/of_reed-solomon_gf_2_m_api.o
                0x00000000080090d0                of_rs_2_m_build_repair_symbol
 .text.of_rs_2_m_finish_decoding
                0x0000000008009108       0xc0 src/User_Drivers/of_reed-solomon_gf_2_m_api.o
                0x0000000008009108                of_rs_2_m_finish_decoding
 .text.of_rs_2_m_decode_with_new_symbol
                0x00000000080091c8       0x68 src/User_Drivers/of_reed-solomon_gf_2_m_api.o
                0x00000000080091c8                of_rs_2_m_decode_with_new_symbol
 .text.of_rs_2_m_is_decoding_complete
                0x0000000008009230        0x6 src/User_Drivers/of_reed-solomon_gf_2_m_api.o
                0x0000000008009230                of_rs_2_m_is_decoding_complete
 .text.of_rs_2_m_get_source_symbols_tab
                0x0000000008009236       0x2e src/User_Drivers/of_reed-solomon_gf_2_m_api.o
                0x0000000008009236                of_rs_2_m_get_source_symbols_tab
 .text.copy_poly
                0x0000000008009264       0x14 src/User_Drivers/rs_work.o
 .text.zero_poly
                0x0000000008009278       0x12 src/User_Drivers/rs_work.o
 .text.init_gamma
                0x000000000800928a       0x18 src/User_Drivers/rs_work.o
 .text.mul_z_poly
                0x00000000080092a2       0x1e src/User_Drivers/rs_work.o
 .text.init_exp_table
                0x00000000080092c0       0xa0 src/User_Drivers/rs_work.o
 .text.init_galois_tables
                0x0000000008009360        0x8 src/User_Drivers/rs_work.o
 .text.gmult    0x0000000008009368       0x28 src/User_Drivers/rs_work.o
 .text.mult_polys
                0x0000000008009390       0x96 src/User_Drivers/rs_work.o
 *fill*         0x0000000008009426        0x2 
 .text.compute_modified_omega
                0x0000000008009428       0x40 src/User_Drivers/rs_work.o
 .text.compute_discrepancy
                0x0000000008009468       0x2e src/User_Drivers/rs_work.o
 *fill*         0x0000000008009496        0x2 
 .text.Find_Roots
                0x0000000008009498       0x74 src/User_Drivers/rs_work.o
 .text.ginv     0x000000000800950c       0x1c src/User_Drivers/rs_work.o
 .text.Modified_Berlekamp_Massey
                0x0000000008009528       0xe4 src/User_Drivers/rs_work.o
 .text.correct_errors_erasures
                0x000000000800960c      0x100 src/User_Drivers/rs_work.o
 .text.build_codeword
                0x000000000800970c       0x34 src/User_Drivers/rs_work.o
 .text.decode_data
                0x0000000008009740       0x44 src/User_Drivers/rs_work.o
 .text.check_syndrome
                0x0000000008009784       0x20 src/User_Drivers/rs_work.o
 .text.compute_genpoly
                0x00000000080097a4       0x54 src/User_Drivers/rs_work.o
 .text.initialize_ecc
                0x00000000080097f8       0x14 src/User_Drivers/rs_work.o
 .text.encode_data
                0x000000000800980c       0xa4 src/User_Drivers/rs_work.o
 .text.initialize_rs_coder
                0x00000000080098b0       0x14 src/User_Drivers/rs_work.o
                0x00000000080098b0                initialize_rs_coder
 .text.encode_rs_message
                0x00000000080098c4       0x28 src/User_Drivers/rs_work.o
                0x00000000080098c4                encode_rs_message
 .text.decode_rs_message
                0x00000000080098ec       0x88 src/User_Drivers/rs_work.o
                0x00000000080098ec                decode_rs_message
 .text.swap_uint16
                0x0000000008009974        0xa src/User_Drivers/simple_link.o
 *fill*         0x000000000800997e        0x2 
 .text.crc16_ccitt
                0x0000000008009980       0x30 src/User_Drivers/simple_link.o
 .text._htons   0x00000000080099b0        0x8 src/User_Drivers/simple_link.o
                0x00000000080099b0                _htons
 .text._ntohs   0x00000000080099b8        0x8 src/User_Drivers/simple_link.o
                0x00000000080099b8                _ntohs
 .text.send_kiss_packet
                0x00000000080099c0       0xe8 src/User_Drivers/simple_link.o
                0x00000000080099c0                send_kiss_packet
 .text.set_simple_link_packet
                0x0000000008009aa8       0x78 src/User_Drivers/simple_link.o
                0x0000000008009aa8                set_simple_link_packet
 .text.prepare_simple_link
                0x0000000008009b20       0x1a src/User_Drivers/simple_link.o
                0x0000000008009b20                prepare_simple_link
 .text.get_simple_link_packet
                0x0000000008009b3a       0xf6 src/User_Drivers/simple_link.o
                0x0000000008009b3a                get_simple_link_packet
 .text.convert_temp_u16_f
                0x0000000008009c30       0x6c src/User_Drivers/utils.o
                0x0000000008009c30                convert_temp_u16_f
 .text.convert_temp_f_u16
                0x0000000008009c9c       0x5c src/User_Drivers/utils.o
                0x0000000008009c9c                convert_temp_f_u16
 .text.check_for_printf_buffer
                0x0000000008009cf8        0x2 src/User_Drivers/utils.o
                0x0000000008009cf8                check_for_printf_buffer
 *fill*         0x0000000008009cfa        0x2 
 .text._safe_send
                0x0000000008009cfc       0x20 src/User_Drivers/utils.o
                0x0000000008009cfc                _safe_send
 .text._write   0x0000000008009d1c       0x28 src/User_Drivers/utils.o
                0x0000000008009d1c                _write
 .text.uart_send
                0x0000000008009d44       0x28 src/User_Drivers/utils.o
                0x0000000008009d44                uart_send
 .text.of_galois_field_2_4_addmul1
                0x0000000008009d6c       0xc8 src/User_Drivers/galois_field_codes_utils/algebra_2_4.o
                0x0000000008009d6c                of_galois_field_2_4_addmul1
 .text.of_galois_field_2_4_addmul1_compact
                0x0000000008009e34       0xd8 src/User_Drivers/galois_field_codes_utils/algebra_2_4.o
                0x0000000008009e34                of_galois_field_2_4_addmul1_compact
 .text.of_galois_field_2_4_matmul
                0x0000000008009f0c       0x68 src/User_Drivers/galois_field_codes_utils/algebra_2_4.o
                0x0000000008009f0c                of_galois_field_2_4_matmul
 .text.of_galois_field_2_4_invert_mat
                0x0000000008009f74      0x1d4 src/User_Drivers/galois_field_codes_utils/algebra_2_4.o
                0x0000000008009f74                of_galois_field_2_4_invert_mat
 .text.of_galois_field_2_4_invert_vdm
                0x000000000800a148      0x110 src/User_Drivers/galois_field_codes_utils/algebra_2_4.o
                0x000000000800a148                of_galois_field_2_4_invert_vdm
 .text.of_rs_2m_shuffle
                0x000000000800a258       0x48 src/User_Drivers/galois_field_codes_utils/of_galois_field_code.o
 .text.of_modnn
                0x000000000800a2a0       0x18 src/User_Drivers/galois_field_codes_utils/of_galois_field_code.o
                0x000000000800a2a0                of_modnn
 .text.of_rs_2m_build_encoding_matrix
                0x000000000800a2b8       0xbc src/User_Drivers/galois_field_codes_utils/of_galois_field_code.o
                0x000000000800a2b8                of_rs_2m_build_encoding_matrix
 .text.of_rs_2m_build_decoding_matrix
                0x000000000800a374       0x7a src/User_Drivers/galois_field_codes_utils/of_galois_field_code.o
                0x000000000800a374                of_rs_2m_build_decoding_matrix
 *fill*         0x000000000800a3ee        0x2 
 .text.of_rs_2m_decode
                0x000000000800a3f0       0xb8 src/User_Drivers/galois_field_codes_utils/of_galois_field_code.o
                0x000000000800a3f0                of_rs_2m_decode
 .text.of_rs_2m_encode
                0x000000000800a4a8       0x74 src/User_Drivers/galois_field_codes_utils/of_galois_field_code.o
                0x000000000800a4a8                of_rs_2m_encode
 .text.MX_GPIO_Init
                0x000000000800a51c       0xf4 src/main.o
 .text.MX_DMA_Init
                0x000000000800a610       0x54 src/main.o
 .text.usart_init_rx
                0x000000000800a664       0x40 src/main.o
                0x000000000800a664                usart_init_rx
 .text.usart_init_tx
                0x000000000800a6a4        0x2 src/main.o
                0x000000000800a6a4                usart_init_tx
 *fill*         0x000000000800a6a6        0x2 
 .text.HAL_UART_ErrorCallback
                0x000000000800a6a8       0x44 src/main.o
                0x000000000800a6a8                HAL_UART_ErrorCallback
 .text.HAL_UART_TxCpltCallback
                0x000000000800a6ec       0x44 src/main.o
                0x000000000800a6ec                HAL_UART_TxCpltCallback
 .text.spi_transfer
                0x000000000800a730       0x78 src/main.o
                0x000000000800a730                spi_transfer
 .text.HAL_TIM_PeriodElapsedCallback
                0x000000000800a7a8       0x18 src/main.o
                0x000000000800a7a8                HAL_TIM_PeriodElapsedCallback
 .text._Error_Handler
                0x000000000800a7c0        0x2 src/main.o
                0x000000000800a7c0                _Error_Handler
 *fill*         0x000000000800a7c2        0x2 
 .text.HAL_UART_RxTimeoutCallback
                0x000000000800a7c4       0xd0 src/main.o
                0x000000000800a7c4                HAL_UART_RxTimeoutCallback
 .text.HAL_UART_RxCpltCallback
                0x000000000800a894       0xb4 src/main.o
                0x000000000800a894                HAL_UART_RxCpltCallback
 .text.HAL_UART_RxHalfCpltCallback
                0x000000000800a948       0xb8 src/main.o
                0x000000000800a948                HAL_UART_RxHalfCpltCallback
 .text.MX_SPI1_Init
                0x000000000800aa00       0x54 src/main.o
 .text.MX_I2C2_Init
                0x000000000800aa54       0x68 src/main.o
 .text.MX_ADC1_Init
                0x000000000800aabc       0xf0 src/main.o
 .text.MX_USART1_UART_Init
                0x000000000800abac       0x40 src/main.o
 .text.MX_IWDG_Init
                0x000000000800abec       0x34 src/main.o
 .text.SystemClock_Config
                0x000000000800ac20       0xe8 src/main.o
                0x000000000800ac20                SystemClock_Config
 .text.main     0x000000000800ad08       0x30 src/main.o
                0x000000000800ad08                main
 .text.Reset_Handler
                0x000000000800ad38       0x50 src/startup_stm32l476xx.o
                0x000000000800ad38                Reset_Handler
 .text.Default_Handler
                0x000000000800ad88        0x2 src/startup_stm32l476xx.o
                0x000000000800ad88                RTC_Alarm_IRQHandler
                0x000000000800ad88                EXTI2_IRQHandler
                0x000000000800ad88                TIM8_TRG_COM_IRQHandler
                0x000000000800ad88                TIM8_CC_IRQHandler
                0x000000000800ad88                TIM1_CC_IRQHandler
                0x000000000800ad88                TSC_IRQHandler
                0x000000000800ad88                TAMP_STAMP_IRQHandler
                0x000000000800ad88                EXTI3_IRQHandler
                0x000000000800ad88                LPTIM2_IRQHandler
                0x000000000800ad88                DFSDM1_FLT1_IRQHandler
                0x000000000800ad88                I2C3_ER_IRQHandler
                0x000000000800ad88                DFSDM1_FLT2_IRQHandler
                0x000000000800ad88                EXTI0_IRQHandler
                0x000000000800ad88                I2C2_EV_IRQHandler
                0x000000000800ad88                CAN1_RX0_IRQHandler
                0x000000000800ad88                FPU_IRQHandler
                0x000000000800ad88                TIM1_UP_TIM16_IRQHandler
                0x000000000800ad88                ADC1_2_IRQHandler
                0x000000000800ad88                TIM6_DAC_IRQHandler
                0x000000000800ad88                TIM8_UP_IRQHandler
                0x000000000800ad88                DMA2_Channel2_IRQHandler
                0x000000000800ad88                SAI2_IRQHandler
                0x000000000800ad88                DFSDM1_FLT3_IRQHandler
                0x000000000800ad88                USART3_IRQHandler
                0x000000000800ad88                DMA1_Channel7_IRQHandler
                0x000000000800ad88                CAN1_RX1_IRQHandler
                0x000000000800ad88                LCD_IRQHandler
                0x000000000800ad88                UART5_IRQHandler
                0x000000000800ad88                ADC3_IRQHandler
                0x000000000800ad88                TIM4_IRQHandler
                0x000000000800ad88                DMA2_Channel1_IRQHandler
                0x000000000800ad88                QUADSPI_IRQHandler
                0x000000000800ad88                I2C1_EV_IRQHandler
                0x000000000800ad88                DMA1_Channel6_IRQHandler
                0x000000000800ad88                UART4_IRQHandler
                0x000000000800ad88                DMA2_Channel4_IRQHandler
                0x000000000800ad88                TIM3_IRQHandler
                0x000000000800ad88                RCC_IRQHandler
                0x000000000800ad88                Default_Handler
                0x000000000800ad88                DMA2_Channel7_IRQHandler
                0x000000000800ad88                EXTI15_10_IRQHandler
                0x000000000800ad88                TIM7_IRQHandler
                0x000000000800ad88                SDMMC1_IRQHandler
                0x000000000800ad88                TIM5_IRQHandler
                0x000000000800ad88                I2C3_EV_IRQHandler
                0x000000000800ad88                RTC_WKUP_IRQHandler
                0x000000000800ad88                PVD_PVM_IRQHandler
                0x000000000800ad88                SPI2_IRQHandler
                0x000000000800ad88                CAN1_TX_IRQHandler
                0x000000000800ad88                DMA2_Channel5_IRQHandler
                0x000000000800ad88                RNG_IRQHandler
                0x000000000800ad88                DMA1_Channel3_IRQHandler
                0x000000000800ad88                COMP_IRQHandler
                0x000000000800ad88                WWDG_IRQHandler
                0x000000000800ad88                LPUART1_IRQHandler
                0x000000000800ad88                DMA2_Channel6_IRQHandler
                0x000000000800ad88                TIM2_IRQHandler
                0x000000000800ad88                EXTI1_IRQHandler
                0x000000000800ad88                USART2_IRQHandler
                0x000000000800ad88                DFSDM1_FLT0_IRQHandler
                0x000000000800ad88                I2C2_ER_IRQHandler
                0x000000000800ad88                DMA1_Channel2_IRQHandler
                0x000000000800ad88                TIM8_BRK_IRQHandler
                0x000000000800ad88                CAN1_SCE_IRQHandler
                0x000000000800ad88                FLASH_IRQHandler
                0x000000000800ad88                OTG_FS_IRQHandler
                0x000000000800ad88                SPI3_IRQHandler
                0x000000000800ad88                I2C1_ER_IRQHandler
                0x000000000800ad88                FMC_IRQHandler
                0x000000000800ad88                SWPMI1_IRQHandler
                0x000000000800ad88                LPTIM1_IRQHandler
                0x000000000800ad88                SAI1_IRQHandler
                0x000000000800ad88                DMA2_Channel3_IRQHandler
                0x000000000800ad88                TIM1_BRK_TIM15_IRQHandler
 *fill*         0x000000000800ad8a        0x2 
 .text.HAL_MspInit
                0x000000000800ad8c       0x90 src/stm32l4xx_hal_msp.o
                0x000000000800ad8c                HAL_MspInit
 .text.HAL_ADC_MspInit
                0x000000000800ae1c       0x78 src/stm32l4xx_hal_msp.o
                0x000000000800ae1c                HAL_ADC_MspInit
 .text.HAL_I2C_MspInit
                0x000000000800ae94       0x54 src/stm32l4xx_hal_msp.o
                0x000000000800ae94                HAL_I2C_MspInit
 .text.HAL_SPI_MspInit
                0x000000000800aee8       0x5c src/stm32l4xx_hal_msp.o
                0x000000000800aee8                HAL_SPI_MspInit
 .text.HAL_UART_MspInit
                0x000000000800af44       0xdc src/stm32l4xx_hal_msp.o
                0x000000000800af44                HAL_UART_MspInit
 .text.HAL_InitTick
                0x000000000800b020       0x78 src/stm32l4xx_hal_timebase_TIM.o
                0x000000000800b020                HAL_InitTick
 .text.NMI_Handler
                0x000000000800b098        0x2 src/stm32l4xx_it.o
                0x000000000800b098                NMI_Handler
 *fill*         0x000000000800b09a        0x2 
 .text.HardFault_Handler
                0x000000000800b09c       0x28 src/stm32l4xx_it.o
                0x000000000800b09c                HardFault_Handler
 .text.MemManage_Handler
                0x000000000800b0c4        0x2 src/stm32l4xx_it.o
                0x000000000800b0c4                MemManage_Handler
 .text.BusFault_Handler
                0x000000000800b0c6        0x2 src/stm32l4xx_it.o
                0x000000000800b0c6                BusFault_Handler
 .text.UsageFault_Handler
                0x000000000800b0c8        0x2 src/stm32l4xx_it.o
                0x000000000800b0c8                UsageFault_Handler
 .text.DebugMon_Handler
                0x000000000800b0ca        0x2 src/stm32l4xx_it.o
                0x000000000800b0ca                DebugMon_Handler
 .text.SysTick_Handler
                0x000000000800b0cc       0x10 src/stm32l4xx_it.o
                0x000000000800b0cc                SysTick_Handler
 .text.EXTI4_IRQHandler
                0x000000000800b0dc        0xa src/stm32l4xx_it.o
                0x000000000800b0dc                EXTI4_IRQHandler
 *fill*         0x000000000800b0e6        0x2 
 .text.DMA1_Channel1_IRQHandler
                0x000000000800b0e8       0x10 src/stm32l4xx_it.o
                0x000000000800b0e8                DMA1_Channel1_IRQHandler
 .text.DMA1_Channel4_IRQHandler
                0x000000000800b0f8       0x10 src/stm32l4xx_it.o
                0x000000000800b0f8                DMA1_Channel4_IRQHandler
 .text.DMA1_Channel5_IRQHandler
                0x000000000800b108       0x10 src/stm32l4xx_it.o
                0x000000000800b108                DMA1_Channel5_IRQHandler
 .text.EXTI9_5_IRQHandler
                0x000000000800b118        0xa src/stm32l4xx_it.o
                0x000000000800b118                EXTI9_5_IRQHandler
 *fill*         0x000000000800b122        0x2 
 .text.TIM1_TRG_COM_TIM17_IRQHandler
                0x000000000800b124       0x10 src/stm32l4xx_it.o
                0x000000000800b124                TIM1_TRG_COM_TIM17_IRQHandler
 .text.SPI1_IRQHandler
                0x000000000800b134       0x10 src/stm32l4xx_it.o
                0x000000000800b134                SPI1_IRQHandler
 .text.USART1_IRQHandler
                0x000000000800b144       0x4c src/stm32l4xx_it.o
                0x000000000800b144                USART1_IRQHandler
 .text.SystemInit
                0x000000000800b190       0x48 src/system_stm32l4xx.o
                0x000000000800b190                SystemInit
 .text.floor    0x000000000800b1d8      0x110 /home/noitty/Ac6/SystemWorkbench/plugins/fr.ac6.mcu.externaltools.arm-none.linux64_1.16.0.201807130628/tools/compiler/bin/../lib/gcc/arm-none-eabi/7.2.1/../../../../arm-none-eabi/lib/thumb/v7e-m/fpv4-sp/hard/libm.a(lib_a-s_floor.o)
                0x000000000800b1d8                floor
 .text.log      0x000000000800b2e8      0x100 /home/noitty/Ac6/SystemWorkbench/plugins/fr.ac6.mcu.externaltools.arm-none.linux64_1.16.0.201807130628/tools/compiler/bin/../lib/gcc/arm-none-eabi/7.2.1/../../../../arm-none-eabi/lib/thumb/v7e-m/fpv4-sp/hard/libm.a(lib_a-w_log.o)
                0x000000000800b2e8                log
 .text.__ieee754_log
                0x000000000800b3e8      0x3b4 /home/noitty/Ac6/SystemWorkbench/plugins/fr.ac6.mcu.externaltools.arm-none.linux64_1.16.0.201807130628/tools/compiler/bin/../lib/gcc/arm-none-eabi/7.2.1/../../../../arm-none-eabi/lib/thumb/v7e-m/fpv4-sp/hard/libm.a(lib_a-e_log.o)
                0x000000000800b3e8                __ieee754_log
 .text.matherr  0x000000000800b79c        0x4 /home/noitty/Ac6/SystemWorkbench/plugins/fr.ac6.mcu.externaltools.arm-none.linux64_1.16.0.201807130628/tools/compiler/bin/../lib/gcc/arm-none-eabi/7.2.1/../../../../arm-none-eabi/lib/thumb/v7e-m/fpv4-sp/hard/libm.a(lib_a-s_matherr.o)
                0x000000000800b79c                matherr
 .text.nan      0x000000000800b7a0       0x10 /home/noitty/Ac6/SystemWorkbench/plugins/fr.ac6.mcu.externaltools.arm-none.linux64_1.16.0.201807130628/tools/compiler/bin/../lib/gcc/arm-none-eabi/7.2.1/../../../../arm-none-eabi/lib/thumb/v7e-m/fpv4-sp/hard/libm.a(lib_a-s_nan.o)
                0x000000000800b7a0                nan
 .text.__libc_init_array
                0x000000000800b7b0       0x48 /home/noitty/Ac6/SystemWorkbench/plugins/fr.ac6.mcu.externaltools.arm-none.linux64_1.16.0.201807130628/tools/compiler/bin/../lib/gcc/arm-none-eabi/7.2.1/../../../../arm-none-eabi/lib/thumb/v7e-m/fpv4-sp/hard/libc_nano.a(lib_a-init.o)
                0x000000000800b7b0                __libc_init_array
 .text.memcmp   0x000000000800b7f8       0x1e /home/noitty/Ac6/SystemWorkbench/plugins/fr.ac6.mcu.externaltools.arm-none.linux64_1.16.0.201807130628/tools/compiler/bin/../lib/gcc/arm-none-eabi/7.2.1/../../../../arm-none-eabi/lib/thumb/v7e-m/fpv4-sp/hard/libc_nano.a(lib_a-memcmp.o)
                0x000000000800b7f8                memcmp
 .text.memcpy   0x000000000800b816       0x16 /home/noitty/Ac6/SystemWorkbench/plugins/fr.ac6.mcu.externaltools.arm-none.linux64_1.16.0.201807130628/tools/compiler/bin/../lib/gcc/arm-none-eabi/7.2.1/../../../../arm-none-eabi/lib/thumb/v7e-m/fpv4-sp/hard/libc_nano.a(lib_a-memcpy-stub.o)
                0x000000000800b816                memcpy
 .text.memset   0x000000000800b82c       0x10 /home/noitty/Ac6/SystemWorkbench/plugins/fr.ac6.mcu.externaltools.arm-none.linux64_1.16.0.201807130628/tools/compiler/bin/../lib/gcc/arm-none-eabi/7.2.1/../../../../arm-none-eabi/lib/thumb/v7e-m/fpv4-sp/hard/libc_nano.a(lib_a-memset.o)
                0x000000000800b82c                memset
 .text.printf   0x000000000800b83c       0x30 /home/noitty/Ac6/SystemWorkbench/plugins/fr.ac6.mcu.externaltools.arm-none.linux64_1.16.0.201807130628/tools/compiler/bin/../lib/gcc/arm-none-eabi/7.2.1/../../../../arm-none-eabi/lib/thumb/v7e-m/fpv4-sp/hard/libc_nano.a(lib_a-printf.o)
                0x000000000800b83c                printf
                0x000000000800b83c                iprintf
 .text.rand     0x000000000800b86c       0x68 /home/noitty/Ac6/SystemWorkbench/plugins/fr.ac6.mcu.externaltools.arm-none.linux64_1.16.0.201807130628/tools/compiler/bin/../lib/gcc/arm-none-eabi/7.2.1/../../../../arm-none-eabi/lib/thumb/v7e-m/fpv4-sp/hard/libc_nano.a(lib_a-rand.o)
                0x000000000800b86c                rand
 .text.std      0x000000000800b8d4       0x48 /home/noitty/Ac6/SystemWorkbench/plugins/fr.ac6.mcu.externaltools.arm-none.linux64_1.16.0.201807130628/tools/compiler/bin/../lib/gcc/arm-none-eabi/7.2.1/../../../../arm-none-eabi/lib/thumb/v7e-m/fpv4-sp/hard/libc_nano.a(lib_a-findfp.o)
 .text._cleanup_r
                0x000000000800b91c        0xc /home/noitty/Ac6/SystemWorkbench/plugins/fr.ac6.mcu.externaltools.arm-none.linux64_1.16.0.201807130628/tools/compiler/bin/../lib/gcc/arm-none-eabi/7.2.1/../../../../arm-none-eabi/lib/thumb/v7e-m/fpv4-sp/hard/libc_nano.a(lib_a-findfp.o)
                0x000000000800b91c                _cleanup_r
 .text.__sfmoreglue
                0x000000000800b928       0x2c /home/noitty/Ac6/SystemWorkbench/plugins/fr.ac6.mcu.externaltools.arm-none.linux64_1.16.0.201807130628/tools/compiler/bin/../lib/gcc/arm-none-eabi/7.2.1/../../../../arm-none-eabi/lib/thumb/v7e-m/fpv4-sp/hard/libc_nano.a(lib_a-findfp.o)
                0x000000000800b928                __sfmoreglue
 .text.__sinit  0x000000000800b954       0x60 /home/noitty/Ac6/SystemWorkbench/plugins/fr.ac6.mcu.externaltools.arm-none.linux64_1.16.0.201807130628/tools/compiler/bin/../lib/gcc/arm-none-eabi/7.2.1/../../../../arm-none-eabi/lib/thumb/v7e-m/fpv4-sp/hard/libc_nano.a(lib_a-findfp.o)
                0x000000000800b954                __sinit
 .text.__sfp    0x000000000800b9b4       0x78 /home/noitty/Ac6/SystemWorkbench/plugins/fr.ac6.mcu.externaltools.arm-none.linux64_1.16.0.201807130628/tools/compiler/bin/../lib/gcc/arm-none-eabi/7.2.1/../../../../arm-none-eabi/lib/thumb/v7e-m/fpv4-sp/hard/libc_nano.a(lib_a-findfp.o)
                0x000000000800b9b4                __sfp
 .text._fwalk_reent
                0x000000000800ba2c       0x3c /home/noitty/Ac6/SystemWorkbench/plugins/fr.ac6.mcu.externaltools.arm-none.linux64_1.16.0.201807130628/tools/compiler/bin/../lib/gcc/arm-none-eabi/7.2.1/../../../../arm-none-eabi/lib/thumb/v7e-m/fpv4-sp/hard/libc_nano.a(lib_a-fwalk.o)
                0x000000000800ba2c                _fwalk_reent
 .text.malloc   0x000000000800ba68       0x10 /home/noitty/Ac6/SystemWorkbench/plugins/fr.ac6.mcu.externaltools.arm-none.linux64_1.16.0.201807130628/tools/compiler/bin/../lib/gcc/arm-none-eabi/7.2.1/../../../../arm-none-eabi/lib/thumb/v7e-m/fpv4-sp/hard/libc_nano.a(lib_a-malloc.o)
                0x000000000800ba68                malloc
 .text._free_r  0x000000000800ba78       0x9c /home/noitty/Ac6/SystemWorkbench/plugins/fr.ac6.mcu.externaltools.arm-none.linux64_1.16.0.201807130628/tools/compiler/bin/../lib/gcc/arm-none-eabi/7.2.1/../../../../arm-none-eabi/lib/thumb/v7e-m/fpv4-sp/hard/libc_nano.a(lib_a-nano-freer.o)
                0x000000000800ba78                _free_r
 .text._malloc_r
                0x000000000800bb14       0xb4 /home/noitty/Ac6/SystemWorkbench/plugins/fr.ac6.mcu.externaltools.arm-none.linux64_1.16.0.201807130628/tools/compiler/bin/../lib/gcc/arm-none-eabi/7.2.1/../../../../arm-none-eabi/lib/thumb/v7e-m/fpv4-sp/hard/libc_nano.a(lib_a-nano-mallocr.o)
                0x000000000800bb14                _malloc_r
 .text.__sfputc_r
                0x000000000800bbc8       0x2e /home/noitty/Ac6/SystemWorkbench/plugins/fr.ac6.mcu.externaltools.arm-none.linux64_1.16.0.201807130628/tools/compiler/bin/../lib/gcc/arm-none-eabi/7.2.1/../../../../arm-none-eabi/lib/thumb/v7e-m/fpv4-sp/hard/libc_nano.a(lib_a-nano-vfprintf.o)
 .text.__sfputs_r
                0x000000000800bbf6       0x24 /home/noitty/Ac6/SystemWorkbench/plugins/fr.ac6.mcu.externaltools.arm-none.linux64_1.16.0.201807130628/tools/compiler/bin/../lib/gcc/arm-none-eabi/7.2.1/../../../../arm-none-eabi/lib/thumb/v7e-m/fpv4-sp/hard/libc_nano.a(lib_a-nano-vfprintf.o)
                0x000000000800bbf6                __sfputs_r
 *fill*         0x000000000800bc1a        0x2 
 .text._vfprintf_r
                0x000000000800bc1c      0x228 /home/noitty/Ac6/SystemWorkbench/plugins/fr.ac6.mcu.externaltools.arm-none.linux64_1.16.0.201807130628/tools/compiler/bin/../lib/gcc/arm-none-eabi/7.2.1/../../../../arm-none-eabi/lib/thumb/v7e-m/fpv4-sp/hard/libc_nano.a(lib_a-nano-vfprintf.o)
                0x000000000800bc1c                _vfiprintf_r
                0x000000000800bc1c                _vfprintf_r
 .text._printf_common
                0x000000000800be44       0xea /home/noitty/Ac6/SystemWorkbench/plugins/fr.ac6.mcu.externaltools.arm-none.linux64_1.16.0.201807130628/tools/compiler/bin/../lib/gcc/arm-none-eabi/7.2.1/../../../../arm-none-eabi/lib/thumb/v7e-m/fpv4-sp/hard/libc_nano.a(lib_a-nano-vfprintf_i.o)
                0x000000000800be44                _printf_common
 *fill*         0x000000000800bf2e        0x2 
 .text._printf_i
                0x000000000800bf30      0x224 /home/noitty/Ac6/SystemWorkbench/plugins/fr.ac6.mcu.externaltools.arm-none.linux64_1.16.0.201807130628/tools/compiler/bin/../lib/gcc/arm-none-eabi/7.2.1/../../../../arm-none-eabi/lib/thumb/v7e-m/fpv4-sp/hard/libc_nano.a(lib_a-nano-vfprintf_i.o)
                0x000000000800bf30                _printf_i
 .text._sbrk_r  0x000000000800c154       0x20 /home/noitty/Ac6/SystemWorkbench/plugins/fr.ac6.mcu.externaltools.arm-none.linux64_1.16.0.201807130628/tools/compiler/bin/../lib/gcc/arm-none-eabi/7.2.1/../../../../arm-none-eabi/lib/thumb/v7e-m/fpv4-sp/hard/libc_nano.a(lib_a-sbrkr.o)
                0x000000000800c154                _sbrk_r
 .text.__sread  0x000000000800c174       0x22 /home/noitty/Ac6/SystemWorkbench/plugins/fr.ac6.mcu.externaltools.arm-none.linux64_1.16.0.201807130628/tools/compiler/bin/../lib/gcc/arm-none-eabi/7.2.1/../../../../arm-none-eabi/lib/thumb/v7e-m/fpv4-sp/hard/libc_nano.a(lib_a-stdio.o)
                0x000000000800c174                __sread
 .text.__swrite
                0x000000000800c196       0x38 /home/noitty/Ac6/SystemWorkbench/plugins/fr.ac6.mcu.externaltools.arm-none.linux64_1.16.0.201807130628/tools/compiler/bin/../lib/gcc/arm-none-eabi/7.2.1/../../../../arm-none-eabi/lib/thumb/v7e-m/fpv4-sp/hard/libc_nano.a(lib_a-stdio.o)
                0x000000000800c196                __swrite
 .text.__sseek  0x000000000800c1ce       0x24 /home/noitty/Ac6/SystemWorkbench/plugins/fr.ac6.mcu.externaltools.arm-none.linux64_1.16.0.201807130628/tools/compiler/bin/../lib/gcc/arm-none-eabi/7.2.1/../../../../arm-none-eabi/lib/thumb/v7e-m/fpv4-sp/hard/libc_nano.a(lib_a-stdio.o)
                0x000000000800c1ce                __sseek
 .text.__sclose
                0x000000000800c1f2        0x8 /home/noitty/Ac6/SystemWorkbench/plugins/fr.ac6.mcu.externaltools.arm-none.linux64_1.16.0.201807130628/tools/compiler/bin/../lib/gcc/arm-none-eabi/7.2.1/../../../../arm-none-eabi/lib/thumb/v7e-m/fpv4-sp/hard/libc_nano.a(lib_a-stdio.o)
                0x000000000800c1f2                __sclose
 *fill*         0x000000000800c1fa        0x2 
 .text.__swbuf_r
                0x000000000800c1fc       0xa4 /home/noitty/Ac6/SystemWorkbench/plugins/fr.ac6.mcu.externaltools.arm-none.linux64_1.16.0.201807130628/tools/compiler/bin/../lib/gcc/arm-none-eabi/7.2.1/../../../../arm-none-eabi/lib/thumb/v7e-m/fpv4-sp/hard/libc_nano.a(lib_a-wbuf.o)
                0x000000000800c1fc                __swbuf_r
 .text._write_r
                0x000000000800c2a0       0x24 /home/noitty/Ac6/SystemWorkbench/plugins/fr.ac6.mcu.externaltools.arm-none.linux64_1.16.0.201807130628/tools/compiler/bin/../lib/gcc/arm-none-eabi/7.2.1/../../../../arm-none-eabi/lib/thumb/v7e-m/fpv4-sp/hard/libc_nano.a(lib_a-writer.o)
                0x000000000800c2a0                _write_r
 .text.__swsetup_r
                0x000000000800c2c4       0xdc /home/noitty/Ac6/SystemWorkbench/plugins/fr.ac6.mcu.externaltools.arm-none.linux64_1.16.0.201807130628/tools/compiler/bin/../lib/gcc/arm-none-eabi/7.2.1/../../../../arm-none-eabi/lib/thumb/v7e-m/fpv4-sp/hard/libc_nano.a(lib_a-wsetup.o)
                0x000000000800c2c4                __swsetup_r
 .text._close_r
                0x000000000800c3a0       0x20 /home/noitty/Ac6/SystemWorkbench/plugins/fr.ac6.mcu.externaltools.arm-none.linux64_1.16.0.201807130628/tools/compiler/bin/../lib/gcc/arm-none-eabi/7.2.1/../../../../arm-none-eabi/lib/thumb/v7e-m/fpv4-sp/hard/libc_nano.a(lib_a-closer.o)
                0x000000000800c3a0                _close_r
 .text.__sflush_r
                0x000000000800c3c0      0x10c /home/noitty/Ac6/SystemWorkbench/plugins/fr.ac6.mcu.externaltools.arm-none.linux64_1.16.0.201807130628/tools/compiler/bin/../lib/gcc/arm-none-eabi/7.2.1/../../../../arm-none-eabi/lib/thumb/v7e-m/fpv4-sp/hard/libc_nano.a(lib_a-fflush.o)
                0x000000000800c3c0                __sflush_r
 .text._fflush_r
                0x000000000800c4cc       0x54 /home/noitty/Ac6/SystemWorkbench/plugins/fr.ac6.mcu.externaltools.arm-none.linux64_1.16.0.201807130628/tools/compiler/bin/../lib/gcc/arm-none-eabi/7.2.1/../../../../arm-none-eabi/lib/thumb/v7e-m/fpv4-sp/hard/libc_nano.a(lib_a-fflush.o)
                0x000000000800c4cc                _fflush_r
 .text._lseek_r
                0x000000000800c520       0x24 /home/noitty/Ac6/SystemWorkbench/plugins/fr.ac6.mcu.externaltools.arm-none.linux64_1.16.0.201807130628/tools/compiler/bin/../lib/gcc/arm-none-eabi/7.2.1/../../../../arm-none-eabi/lib/thumb/v7e-m/fpv4-sp/hard/libc_nano.a(lib_a-lseekr.o)
                0x000000000800c520                _lseek_r
 .text.__swhatbuf_r
                0x000000000800c544       0x48 /home/noitty/Ac6/SystemWorkbench/plugins/fr.ac6.mcu.externaltools.arm-none.linux64_1.16.0.201807130628/tools/compiler/bin/../lib/gcc/arm-none-eabi/7.2.1/../../../../arm-none-eabi/lib/thumb/v7e-m/fpv4-sp/hard/libc_nano.a(lib_a-makebuf.o)
                0x000000000800c544                __swhatbuf_r
 .text.__smakebuf_r
                0x000000000800c58c       0x80 /home/noitty/Ac6/SystemWorkbench/plugins/fr.ac6.mcu.externaltools.arm-none.linux64_1.16.0.201807130628/tools/compiler/bin/../lib/gcc/arm-none-eabi/7.2.1/../../../../arm-none-eabi/lib/thumb/v7e-m/fpv4-sp/hard/libc_nano.a(lib_a-makebuf.o)
                0x000000000800c58c                __smakebuf_r
 .text.__malloc_lock
                0x000000000800c60c        0x2 /home/noitty/Ac6/SystemWorkbench/plugins/fr.ac6.mcu.externaltools.arm-none.linux64_1.16.0.201807130628/tools/compiler/bin/../lib/gcc/arm-none-eabi/7.2.1/../../../../arm-none-eabi/lib/thumb/v7e-m/fpv4-sp/hard/libc_nano.a(lib_a-mlock.o)
                0x000000000800c60c                __malloc_lock
 .text.__malloc_unlock
                0x000000000800c60e        0x2 /home/noitty/Ac6/SystemWorkbench/plugins/fr.ac6.mcu.externaltools.arm-none.linux64_1.16.0.201807130628/tools/compiler/bin/../lib/gcc/arm-none-eabi/7.2.1/../../../../arm-none-eabi/lib/thumb/v7e-m/fpv4-sp/hard/libc_nano.a(lib_a-mlock.o)
                0x000000000800c60e                __malloc_unlock
 .text._read_r  0x000000000800c610       0x24 /home/noitty/Ac6/SystemWorkbench/plugins/fr.ac6.mcu.externaltools.arm-none.linux64_1.16.0.201807130628/tools/compiler/bin/../lib/gcc/arm-none-eabi/7.2.1/../../../../arm-none-eabi/lib/thumb/v7e-m/fpv4-sp/hard/libc_nano.a(lib_a-readr.o)
                0x000000000800c610                _read_r
 .text._fstat_r
                0x000000000800c634       0x24 /home/noitty/Ac6/SystemWorkbench/plugins/fr.ac6.mcu.externaltools.arm-none.linux64_1.16.0.201807130628/tools/compiler/bin/../lib/gcc/arm-none-eabi/7.2.1/../../../../arm-none-eabi/lib/thumb/v7e-m/fpv4-sp/hard/libc_nano.a(lib_a-fstatr.o)
                0x000000000800c634                _fstat_r
 .text._isatty_r
                0x000000000800c658       0x20 /home/noitty/Ac6/SystemWorkbench/plugins/fr.ac6.mcu.externaltools.arm-none.linux64_1.16.0.201807130628/tools/compiler/bin/../lib/gcc/arm-none-eabi/7.2.1/../../../../arm-none-eabi/lib/thumb/v7e-m/fpv4-sp/hard/libc_nano.a(lib_a-isattyr.o)
                0x000000000800c658                _isatty_r
 .text._close   0x000000000800c678       0x10 /home/noitty/Ac6/SystemWorkbench/plugins/fr.ac6.mcu.externaltools.arm-none.linux64_1.16.0.201807130628/tools/compiler/bin/../lib/gcc/arm-none-eabi/7.2.1/../../../../arm-none-eabi/lib/thumb/v7e-m/fpv4-sp/hard/libnosys.a(close.o)
                0x000000000800c678                _close
 .text._fstat   0x000000000800c688       0x10 /home/noitty/Ac6/SystemWorkbench/plugins/fr.ac6.mcu.externaltools.arm-none.linux64_1.16.0.201807130628/tools/compiler/bin/../lib/gcc/arm-none-eabi/7.2.1/../../../../arm-none-eabi/lib/thumb/v7e-m/fpv4-sp/hard/libnosys.a(fstat.o)
                0x000000000800c688                _fstat
 .text._isatty  0x000000000800c698       0x10 /home/noitty/Ac6/SystemWorkbench/plugins/fr.ac6.mcu.externaltools.arm-none.linux64_1.16.0.201807130628/tools/compiler/bin/../lib/gcc/arm-none-eabi/7.2.1/../../../../arm-none-eabi/lib/thumb/v7e-m/fpv4-sp/hard/libnosys.a(isatty.o)
                0x000000000800c698                _isatty
 .text._lseek   0x000000000800c6a8       0x10 /home/noitty/Ac6/SystemWorkbench/plugins/fr.ac6.mcu.externaltools.arm-none.linux64_1.16.0.201807130628/tools/compiler/bin/../lib/gcc/arm-none-eabi/7.2.1/../../../../arm-none-eabi/lib/thumb/v7e-m/fpv4-sp/hard/libnosys.a(lseek.o)
                0x000000000800c6a8                _lseek
 .text._read    0x000000000800c6b8       0x10 /home/noitty/Ac6/SystemWorkbench/plugins/fr.ac6.mcu.externaltools.arm-none.linux64_1.16.0.201807130628/tools/compiler/bin/../lib/gcc/arm-none-eabi/7.2.1/../../../../arm-none-eabi/lib/thumb/v7e-m/fpv4-sp/hard/libnosys.a(read.o)
                0x000000000800c6b8                _read
 .text._sbrk    0x000000000800c6c8       0x1c /home/noitty/Ac6/SystemWorkbench/plugins/fr.ac6.mcu.externaltools.arm-none.linux64_1.16.0.201807130628/tools/compiler/bin/../lib/gcc/arm-none-eabi/7.2.1/../../../../arm-none-eabi/lib/thumb/v7e-m/fpv4-sp/hard/libnosys.a(sbrk.o)
                0x000000000800c6c8                _sbrk
 *(.glue_7)
 .glue_7        0x000000000800c6e4        0x0 linker stubs
 *(.glue_7t)
 .glue_7t       0x000000000800c6e4        0x0 linker stubs
 *(.eh_frame)
 .eh_frame      0x000000000800c6e4        0x0 /home/noitty/Ac6/SystemWorkbench/plugins/fr.ac6.mcu.externaltools.arm-none.linux64_1.16.0.201807130628/tools/compiler/bin/../lib/gcc/arm-none-eabi/7.2.1/thumb/v7e-m/fpv4-sp/hard/crtbegin.o
 *(.init)
 .init          0x000000000800c6e4        0x4 /home/noitty/Ac6/SystemWorkbench/plugins/fr.ac6.mcu.externaltools.arm-none.linux64_1.16.0.201807130628/tools/compiler/bin/../lib/gcc/arm-none-eabi/7.2.1/thumb/v7e-m/fpv4-sp/hard/crti.o
                0x000000000800c6e4                _init
 .init          0x000000000800c6e8        0x8 /home/noitty/Ac6/SystemWorkbench/plugins/fr.ac6.mcu.externaltools.arm-none.linux64_1.16.0.201807130628/tools/compiler/bin/../lib/gcc/arm-none-eabi/7.2.1/thumb/v7e-m/fpv4-sp/hard/crtn.o
 *(.fini)
 .fini          0x000000000800c6f0        0x4 /home/noitty/Ac6/SystemWorkbench/plugins/fr.ac6.mcu.externaltools.arm-none.linux64_1.16.0.201807130628/tools/compiler/bin/../lib/gcc/arm-none-eabi/7.2.1/thumb/v7e-m/fpv4-sp/hard/crti.o
                0x000000000800c6f0                _fini
 .fini          0x000000000800c6f4        0x8 /home/noitty/Ac6/SystemWorkbench/plugins/fr.ac6.mcu.externaltools.arm-none.linux64_1.16.0.201807130628/tools/compiler/bin/../lib/gcc/arm-none-eabi/7.2.1/thumb/v7e-m/fpv4-sp/hard/crtn.o
 *fill*         0x000000000800c6fc        0x4 
 .fini.__stub   0x000000000800c700        0x8 linker stubs
                0x000000000800c708                . = ALIGN (0x8)
 *fill*         0x000000000800c708        0x0 
                0x000000000800c708                _etext = .

.vfp11_veneer   0x000000000800c708        0x0
 .vfp11_veneer  0x000000000800c708        0x0 linker stubs

.v4_bx          0x000000000800c708        0x0
 .v4_bx         0x000000000800c708        0x0 linker stubs

.iplt           0x000000000800c708        0x0
 .iplt          0x000000000800c708        0x0 /home/noitty/Ac6/SystemWorkbench/plugins/fr.ac6.mcu.externaltools.arm-none.linux64_1.16.0.201807130628/tools/compiler/bin/../lib/gcc/arm-none-eabi/7.2.1/thumb/v7e-m/fpv4-sp/hard/crtbegin.o

.rodata         0x000000000800c708     0x14f8
                0x000000000800c708                . = ALIGN (0x8)
 *(.rodata)
 *(.rodata*)
 .rodata.vTaskStartScheduler.str1.4
                0x000000000800c708        0x5 Middlewares/Third_Party/FreeRTOS/Source/tasks.o
 *fill*         0x000000000800c70d        0x3 
 .rodata.chanbw_limits
                0x000000000800c710       0x40 src/User_Drivers/cc1101_routine.o
 .rodata.rate_values
                0x000000000800c750       0x3c src/User_Drivers/cc1101_routine.o
 .rodata.init_freertos_tasks.str1.4
                0x000000000800c78c       0x32 src/User_Drivers/freertos_routines.o
 *fill*         0x000000000800c7be        0x2 
 .rodata.crc_table
                0x000000000800c7c0      0x200 src/User_Drivers/simple_link.o
 .rodata.convert_temp_f_u16.str1.4
                0x000000000800c9c0        0x9 src/User_Drivers/utils.o
 *fill*         0x000000000800c9c9        0x3 
 .rodata.of_gf_2_4_exp
                0x000000000800c9cc       0x10 src/User_Drivers/galois_field_codes_utils/algebra_2_4.o
                0x000000000800c9cc                of_gf_2_4_exp
 .rodata.of_gf_2_4_inv
                0x000000000800c9dc       0x10 src/User_Drivers/galois_field_codes_utils/algebra_2_4.o
                0x000000000800c9dc                of_gf_2_4_inv
 .rodata.of_gf_2_4_mul_table
                0x000000000800c9ec      0x100 src/User_Drivers/galois_field_codes_utils/algebra_2_4.o
                0x000000000800c9ec                of_gf_2_4_mul_table
 .rodata.of_gf_2_4_opt_mul_table
                0x000000000800caec     0x1000 src/User_Drivers/galois_field_codes_utils/algebra_2_4.o
                0x000000000800caec                of_gf_2_4_opt_mul_table
 .rodata.HAL_UART_RxTimeoutCallback.str1.4
                0x000000000800daec        0xe src/main.o